Archive member included to satisfy reference by file (symbol)

/opt/bolos/gcc-arm-none-eabi-5_3-2016q1/bin/../lib/gcc/arm-none-eabi/5.3.1/armv6-m/libgcc.a(_udivsi3.o)
                              obj/os_io_seproxyhal.o (__aeabi_uidiv)
/opt/bolos/gcc-arm-none-eabi-5_3-2016q1/bin/../lib/gcc/arm-none-eabi/5.3.1/armv6-m/libgcc.a(_divsi3.o)
                              obj/qrcodegen.o (__aeabi_idiv)
/opt/bolos/gcc-arm-none-eabi-5_3-2016q1/bin/../lib/gcc/arm-none-eabi/5.3.1/armv6-m/libgcc.a(_dvmd_tls.o)
                              /opt/bolos/gcc-arm-none-eabi-5_3-2016q1/bin/../lib/gcc/arm-none-eabi/5.3.1/armv6-m/libgcc.a(_udivsi3.o) (__aeabi_idiv0)
/opt/bolos/gcc-arm-none-eabi-5_3-2016q1/bin/../lib/gcc/arm-none-eabi/5.3.1/../../../../arm-none-eabi/lib/armv6-m/libc.a(lib_a-aeabi_memclr.o)
                              obj/os.o (__aeabi_memclr)
/opt/bolos/gcc-arm-none-eabi-5_3-2016q1/bin/../lib/gcc/arm-none-eabi/5.3.1/../../../../arm-none-eabi/lib/armv6-m/libc.a(lib_a-aeabi_memcpy.o)
                              obj/main.o (__aeabi_memcpy)
/opt/bolos/gcc-arm-none-eabi-5_3-2016q1/bin/../lib/gcc/arm-none-eabi/5.3.1/../../../../arm-none-eabi/lib/armv6-m/libc.a(lib_a-aeabi_memmove.o)
                              obj/qrcodegen.o (__aeabi_memmove)
/opt/bolos/gcc-arm-none-eabi-5_3-2016q1/bin/../lib/gcc/arm-none-eabi/5.3.1/../../../../arm-none-eabi/lib/armv6-m/libc.a(lib_a-aeabi_memset.o)
                              obj/os.o (__aeabi_memset)
/opt/bolos/gcc-arm-none-eabi-5_3-2016q1/bin/../lib/gcc/arm-none-eabi/5.3.1/../../../../arm-none-eabi/lib/armv6-m/libc.a(lib_a-memcpy-stub.o)
                              /opt/bolos/gcc-arm-none-eabi-5_3-2016q1/bin/../lib/gcc/arm-none-eabi/5.3.1/../../../../arm-none-eabi/lib/armv6-m/libc.a(lib_a-aeabi_memcpy.o) (memcpy)
/opt/bolos/gcc-arm-none-eabi-5_3-2016q1/bin/../lib/gcc/arm-none-eabi/5.3.1/../../../../arm-none-eabi/lib/armv6-m/libc.a(lib_a-memmove.o)
                              /opt/bolos/gcc-arm-none-eabi-5_3-2016q1/bin/../lib/gcc/arm-none-eabi/5.3.1/../../../../arm-none-eabi/lib/armv6-m/libc.a(lib_a-aeabi_memmove.o) (memmove)
/opt/bolos/gcc-arm-none-eabi-5_3-2016q1/bin/../lib/gcc/arm-none-eabi/5.3.1/../../../../arm-none-eabi/lib/armv6-m/libc.a(lib_a-memset.o)
                              /opt/bolos/gcc-arm-none-eabi-5_3-2016q1/bin/../lib/gcc/arm-none-eabi/5.3.1/../../../../arm-none-eabi/lib/armv6-m/libc.a(lib_a-aeabi_memset.o) (memset)
/opt/bolos/gcc-arm-none-eabi-5_3-2016q1/bin/../lib/gcc/arm-none-eabi/5.3.1/../../../../arm-none-eabi/lib/armv6-m/libc.a(lib_a-setjmp.o)
                              obj/btchip.o (setjmp)
/opt/bolos/gcc-arm-none-eabi-5_3-2016q1/bin/../lib/gcc/arm-none-eabi/5.3.1/../../../../arm-none-eabi/lib/armv6-m/libc.a(lib_a-strcpy.o)
                              obj/main.o (strcpy)
/opt/bolos/gcc-arm-none-eabi-5_3-2016q1/bin/../lib/gcc/arm-none-eabi/5.3.1/../../../../arm-none-eabi/lib/armv6-m/libc.a(lib_a-strlen-stub.o)
                              obj/btchip_apdu_get_wallet_public_key.o (strlen)
/opt/bolos/gcc-arm-none-eabi-5_3-2016q1/bin/../lib/gcc/arm-none-eabi/5.3.1/../../../../arm-none-eabi/lib/armv6-m/libc.a(lib_a-strncmp.o)
                              obj/segwit_addr.o (strncmp)

Discarded input sections

 .text          0x00000000        0x0 obj/btchip.o
 .text          0x00000000        0x0 obj/btchip_apdu_get_coin_version.o
 .text          0x00000000        0x0 obj/btchip_apdu_get_firmware_version.o
 .text.get_firmware_version
                0x00000000       0x18 obj/btchip_apdu_get_firmware_version.o
 .ARM.exidx.text.get_firmware_version
                0x00000000        0x8 obj/btchip_apdu_get_firmware_version.o
 .text          0x00000000        0x0 obj/btchip_apdu_get_operation_mode.o
 .text          0x00000000        0x0 obj/btchip_apdu_get_random.o
 .text          0x00000000        0x0 obj/btchip_apdu_get_trusted_input.o
 .text          0x00000000        0x0 obj/btchip_apdu_get_wallet_public_key.o
 .text          0x00000000        0x0 obj/btchip_apdu_hash_input_finalize_full.o
 .text          0x00000000        0x0 obj/btchip_apdu_hash_input_start.o
 .text          0x00000000        0x0 obj/btchip_apdu_hash_sign.o
 .text          0x00000000        0x0 obj/btchip_apdu_set_alternate_coin_version.o
 .text          0x00000000        0x0 obj/btchip_apdu_set_operation_mode.o
 .text          0x00000000        0x0 obj/btchip_apdu_setup.o
 .text          0x00000000        0x0 obj/btchip_apdu_sign_message.o
 .text          0x00000000        0x0 obj/btchip_apdu_verify_pin.o
 .text          0x00000000        0x0 obj/btchip_base58.o
 .text.btchip_decode_base58
                0x00000000      0x118 obj/btchip_base58.o
 .ARM.exidx.text.btchip_decode_base58
                0x00000000        0x8 obj/btchip_base58.o
 .text          0x00000000        0x0 obj/btchip_bcd.o
 .text          0x00000000        0x0 obj/btchip_context.o
 .text          0x00000000        0x0 obj/btchip_ecc.o
 .text          0x00000000        0x0 obj/btchip_filesystem.o
[...]
Memory Configuration

Name             Origin             Length             Attributes
DISCARD          0xd0000000         0x00100000         xrw
FLASH            0xc0d00000         0x00064000         xr
SRAM             0x20001800         0x00001000         xrw
*default*        0x00000000         0xffffffff

Linker script and memory map

LOAD obj/btchip.o
LOAD obj/btchip_apdu_get_coin_version.o
LOAD obj/btchip_apdu_get_firmware_version.o
LOAD obj/btchip_apdu_get_operation_mode.o
LOAD obj/btchip_apdu_get_random.o
LOAD obj/btchip_apdu_get_trusted_input.o
LOAD obj/btchip_apdu_get_wallet_public_key.o
LOAD obj/btchip_apdu_hash_input_finalize_full.o
LOAD obj/btchip_apdu_hash_input_start.o
LOAD obj/btchip_apdu_hash_sign.o
LOAD obj/btchip_apdu_set_alternate_coin_version.o
LOAD obj/btchip_apdu_set_operation_mode.o
LOAD obj/btchip_apdu_setup.o
LOAD obj/btchip_apdu_sign_message.o
LOAD obj/btchip_apdu_verify_pin.o
LOAD obj/btchip_base58.o
LOAD obj/btchip_bcd.o
LOAD obj/btchip_context.o
LOAD obj/btchip_ecc.o
LOAD obj/btchip_filesystem.o
LOAD obj/btchip_helpers.o
LOAD obj/btchip_nvram.o
LOAD obj/btchip_public_ram_key_variables.o
LOAD obj/btchip_public_ram_variables.o
LOAD obj/btchip_rom_variables.o
LOAD obj/btchip_secure_value.o
LOAD obj/btchip_transaction.o
LOAD obj/cashaddr.o
LOAD obj/cx_compliance_141.o
LOAD obj/glyphs.o
LOAD obj/main.o
LOAD obj/os.o
LOAD obj/os_io_seproxyhal.o
LOAD obj/os_printf.o
LOAD obj/pic.o
LOAD obj/pic_internal.o
LOAD obj/qrcodegen.o
LOAD obj/segwit_addr.o
LOAD obj/syscalls.o
LOAD obj/u2f_impl.o
LOAD obj/u2f_io.o
LOAD obj/u2f_transport.o
LOAD obj/usbd_ccid_cmd.o
LOAD obj/usbd_ccid_core.o
LOAD obj/usbd_ccid_if.o
LOAD obj/usbd_conf.o
LOAD obj/usbd_core.o
LOAD obj/usbd_ctlreq.o
LOAD obj/usbd_hid.o
LOAD obj/usbd_impl.o
LOAD obj/usbd_ioreq.o
LOAD /opt/bolos/gcc-arm-none-eabi-5_3-2016q1/bin/../lib/gcc/arm-none-eabi/5.3.1/../../../../arm-none-eabi/lib/armv6-m/libm.a
LOAD /opt/bolos/gcc-arm-none-eabi-5_3-2016q1/bin/../lib/gcc/arm-none-eabi/5.3.1/armv6-m/libgcc.a
LOAD /opt/bolos/gcc-arm-none-eabi-5_3-2016q1/bin/../lib/gcc/arm-none-eabi/5.3.1/../../../../arm-none-eabi/lib/armv6-m/libc.a
START GROUP
LOAD /opt/bolos/gcc-arm-none-eabi-5_3-2016q1/bin/../lib/gcc/arm-none-eabi/5.3.1/armv6-m/libgcc.a
LOAD /opt/bolos/gcc-arm-none-eabi-5_3-2016q1/bin/../lib/gcc/arm-none-eabi/5.3.1/../../../../arm-none-eabi/lib/armv6-m/libg.a
LOAD /opt/bolos/gcc-arm-none-eabi-5_3-2016q1/bin/../lib/gcc/arm-none-eabi/5.3.1/../../../../arm-none-eabi/lib/armv6-m/libc.a
END GROUP
                0x00000040                PAGE_SIZE = 0x40
                0x00000300                STACK_SIZE = 0x300
                0x20002800                END_STACK = (ORIGIN (SRAM) + LENGTH (SRAM))

.text           0xc0d00000     0x89c0
                0xc0d00000                _text = .
                0xc0d00000                _nvram = .
                [!provide]                PROVIDE (_setjmp, setjmp)
 *(.boot*)
 .boot          0xc0d00000       0xc0 obj/main.o
                0xc0d00000                main
 *(.text*)
 .text.app_dispatch
                0xc0d000c0      0x118 obj/btchip.o
                0xc0d000c0                app_dispatch
 .text.app_main
                0xc0d001d8       0x44 obj/btchip.o
                0xc0d001d8                app_main
 .text.btchip_apdu_get_coin_version
                0xc0d0021c       0x98 obj/btchip_apdu_get_coin_version.o
                0xc0d0021c                btchip_apdu_get_coin_version
 .text.btchip_apdu_get_firmware_version
                0xc0d002b4       0x4c obj/btchip_apdu_get_firmware_version.o
                0xc0d002b4                btchip_apdu_get_firmware_version
 .text.btchip_apdu_get_operation_mode
                0xc0d00300       0x64 obj/btchip_apdu_get_operation_mode.o
                0xc0d00300                btchip_apdu_get_operation_mode
 .text.btchip_apdu_get_random
                0xc0d00364       0x3c obj/btchip_apdu_get_random.o
                0xc0d00364                btchip_apdu_get_random
 .text.btchip_apdu_get_trusted_input
                0xc0d003a0      0x16c obj/btchip_apdu_get_trusted_input.o
                0xc0d003a0                btchip_apdu_get_trusted_input
 .text.btchip_apdu_get_wallet_public_key
                0xc0d0050c      0x228 obj/btchip_apdu_get_wallet_public_key.o
                0xc0d0050c                btchip_apdu_get_wallet_public_key
 .text.btchip_bagl_user_action_display
                0xc0d00734       0x50 obj/btchip_apdu_get_wallet_public_key.o
                0xc0d00734                btchip_bagl_user_action_display
 .text.btchip_apdu_hash_input_finalize_full_internal
                0xc0d00784      0x408 obj/btchip_apdu_hash_input_finalize_full.o
                0xc0d00784                btchip_apdu_hash_input_finalize_full_internal
 .text.btchip_apdu_hash_input_finalize_full
                0xc0d00b8c       0x5c obj/btchip_apdu_hash_input_finalize_full.o
                0xc0d00b8c                btchip_apdu_hash_input_finalize_full
 .text.btchip_bagl_user_action
                0xc0d00be8      0x178 obj/btchip_apdu_hash_input_finalize_full.o
                0xc0d00be8                btchip_bagl_user_action
 .text.handle_output_state
                0xc0d00d60      0x328 obj/btchip_apdu_hash_input_finalize_full.o
 .text.btchip_apdu_hash_input_start
                0xc0d01088      0x108 obj/btchip_apdu_hash_input_start.o
                0xc0d01088                btchip_apdu_hash_input_start
 .text.btchip_apdu_hash_sign
                0xc0d01190      0x1b0 obj/btchip_apdu_hash_sign.o
                0xc0d01190                btchip_apdu_hash_sign
 .text.btchip_apdu_set_alternate_coin_version
                0xc0d01340      0x108 obj/btchip_apdu_set_alternate_coin_version.o
                0xc0d01340                btchip_apdu_set_alternate_coin_version
 .text.btchip_apdu_set_operation_mode
                0xc0d01448       0xa4 obj/btchip_apdu_set_operation_mode.o
                0xc0d01448                btchip_apdu_set_operation_mode
 .text.btchip_apdu_setup
                0xc0d014ec        0x6 obj/btchip_apdu_setup.o
                0xc0d014ec                btchip_apdu_setup
 *fill*         0xc0d014f2        0x2 00
 .text.btchip_autosetup
                0xc0d014f4       0x78 obj/btchip_apdu_setup.o
                0xc0d014f4                btchip_autosetup
 .text.checkBitId
                0xc0d0156c       0x50 obj/btchip_apdu_sign_message.o
                0xc0d0156c                checkBitId
 .text.btchip_apdu_sign_message_internal
                0xc0d015bc      0x2c0 obj/btchip_apdu_sign_message.o
                0xc0d015bc                btchip_apdu_sign_message_internal
 .text.btchip_compute_hash
                0xc0d0187c       0xec obj/btchip_apdu_sign_message.o
                0xc0d0187c                btchip_compute_hash
 .text.btchip_apdu_sign_message
                0xc0d01968       0x20 obj/btchip_apdu_sign_message.o
                0xc0d01968                btchip_apdu_sign_message
 .text.btchip_bagl_user_action_message_signing
                0xc0d01988       0x3c obj/btchip_apdu_sign_message.o
                0xc0d01988                btchip_bagl_user_action_message_signing
 .text.btchip_apdu_verify_pin
                0xc0d019c4        0x6 obj/btchip_apdu_verify_pin.o
                0xc0d019c4                btchip_apdu_verify_pin
 *fill*         0xc0d019ca        0x2 00
 .text.btchip_encode_base58
                0xc0d019cc      0x11c obj/btchip_base58.o
                0xc0d019cc                btchip_encode_base58
 .text.btchip_convert_hex_amount_to_displayable
                0xc0d01ae8      0x19c obj/btchip_bcd.o
                0xc0d01ae8                btchip_convert_hex_amount_to_displayable
 .text.btchip_context_init
                0xc0d01c84       0xf8 obj/btchip_context.o
                0xc0d01c84                btchip_context_init
 .text.btchip_compress_public_key_value
                0xc0d01d7c       0x10 obj/btchip_ecc.o
                0xc0d01d7c                btchip_compress_public_key_value
 .text.btchip_set_operation_mode
                0xc0d01d8c       0x28 obj/btchip_filesystem.o
                0xc0d01d8c                btchip_set_operation_mode
 .text.btchip_output_script_is_regular
                0xc0d01db4       0x9c obj/btchip_helpers.o
                0xc0d01db4                btchip_output_script_is_regular
 .text.btchip_output_script_is_p2sh
                0xc0d01e50       0x70 obj/btchip_helpers.o
                0xc0d01e50                btchip_output_script_is_p2sh
 .text.btchip_output_script_is_native_witness
                0xc0d01ec0       0x44 obj/btchip_helpers.o
                0xc0d01ec0                btchip_output_script_is_native_witness
 .text.btchip_output_script_is_op_return
                0xc0d01f04        0xe obj/btchip_helpers.o
                0xc0d01f04                btchip_output_script_is_op_return
 .text.btchip_output_script_is_op_create
                0xc0d01f12       0x3e obj/btchip_helpers.o
                0xc0d01f12                btchip_output_script_is_op_create
 .text.btchip_output_script_is_op_call
                0xc0d01f50       0x3e obj/btchip_helpers.o
                0xc0d01f50                btchip_output_script_is_op_call
 .text.btchip_secure_memcmp
                0xc0d01f8e       0x1e obj/btchip_helpers.o
                0xc0d01f8e                btchip_secure_memcmp
 .text.btchip_read_u32
                0xc0d01fac       0x52 obj/btchip_helpers.o
                0xc0d01fac                btchip_read_u32
 .text.btchip_write_u32_le
                0xc0d01ffe       0x10 obj/btchip_helpers.o
                0xc0d01ffe                btchip_write_u32_le
 *fill*         0xc0d0200e        0x2 00
 .text.btchip_retrieve_keypair_discard
                0xc0d02010       0x68 obj/btchip_helpers.o
                0xc0d02010                btchip_retrieve_keypair_discard
 .text.btchip_public_key_hash160
                0xc0d02078       0x42 obj/btchip_helpers.o
                0xc0d02078                btchip_public_key_hash160
 .text.btchip_public_key_to_encoded_base58
                0xc0d020ba       0xa8 obj/btchip_helpers.o
                0xc0d020ba                btchip_public_key_to_encoded_base58
 .text.btchip_swap_bytes
                0xc0d02162       0x20 obj/btchip_helpers.o
                0xc0d02162                btchip_swap_bytes
 .text.btchip_private_derive_keypair
                0xc0d02182       0x6a obj/btchip_helpers.o
                0xc0d02182                btchip_private_derive_keypair
 .text.btchip_signverify_finalhash
                0xc0d021ec       0x58 obj/btchip_helpers.o
                0xc0d021ec                btchip_signverify_finalhash
 .text.sbSet    0xc0d02244        0xe obj/btchip_secure_value.o
                0xc0d02244                sbSet
 .text.sbCheck  0xc0d02252       0x12 obj/btchip_secure_value.o
                0xc0d02252                sbCheck
 .text.transaction_amount_add_be
                0xc0d02264       0x38 obj/btchip_transaction.o
                0xc0d02264                transaction_amount_add_be
 .text.transaction_amount_sub_be
                0xc0d0229c       0x4e obj/btchip_transaction.o
                0xc0d0229c                transaction_amount_sub_be
 *fill*         0xc0d022ea        0x2 00
 .text.transaction_offset
                0xc0d022ec       0x4c obj/btchip_transaction.o
                0xc0d022ec                transaction_offset
 .text.transaction_get_varint
                0xc0d02338       0xa8 obj/btchip_transaction.o
                0xc0d02338                transaction_get_varint
 .text.transaction_parse
                0xc0d023e0      0x7f4 obj/btchip_transaction.o
                0xc0d023e0                transaction_parse
 .text.cashaddr_polymod_step
                0xc0d02bd4       0x88 obj/cashaddr.o
                0xc0d02bd4                cashaddr_polymod_step
 .text.PolyMod  0xc0d02c5c       0x54 obj/cashaddr.o
                0xc0d02c5c                PolyMod
 .text.create_checksum
                0xc0d02cb0       0x4c obj/cashaddr.o
                0xc0d02cb0                create_checksum
 .text.cashaddr_encode
                0xc0d02cfc      0x110 obj/cashaddr.o
                0xc0d02cfc                cashaddr_encode
 .text.cx_hash_X
                0xc0d02e0c       0x4e obj/cx_compliance_141.o
                0xc0d02e0c                cx_hash_X
 .text.cx_hmac_sha256_X
                0xc0d02e5a       0x16 obj/cx_compliance_141.o
                0xc0d02e5a                cx_hmac_sha256_X
 .text.cx_ecfp_get_domain_length
                0xc0d02e70       0x7c obj/cx_compliance_141.o
 .text.cx_ecdsa_sign_X
                0xc0d02eec       0x36 obj/cx_compliance_141.o
                0xc0d02eec                cx_ecdsa_sign_X
 *fill*         0xc0d02f22        0x2 00
 .text.ui_display_address_nanos_prepro
                0xc0d02f24       0x5c obj/main.o
                0xc0d02f24                ui_display_address_nanos_prepro
 .text.ui_verify_prepro
                0xc0d02f80       0x60 obj/main.o
                0xc0d02f80                ui_verify_prepro
 .text.ui_verify_output_prepro
                0xc0d02fe0       0x60 obj/main.o
                0xc0d02fe0                ui_verify_output_prepro
 .text.ui_finalize_prepro
                0xc0d03040       0x5c obj/main.o
                0xc0d03040                ui_finalize_prepro
 .text.ui_verify_message_prepro
                0xc0d0309c       0x5c obj/main.o
                0xc0d0309c                ui_verify_message_prepro
 .text.io_seproxyhal_touch_verify_cancel
                0xc0d030f8       0x28 obj/main.o
                0xc0d030f8                io_seproxyhal_touch_verify_cancel
 .text.io_seproxyhal_touch_verify_ok
                0xc0d03120       0x28 obj/main.o
                0xc0d03120                io_seproxyhal_touch_verify_ok
 .text.ui_verify_nanos_button
                0xc0d03148       0x24 obj/main.o
                0xc0d03148                ui_verify_nanos_button
 .text.ui_verify_output_nanos_button
                0xc0d0316c       0x24 obj/main.o
                0xc0d0316c                ui_verify_output_nanos_button
 .text.ui_finalize_nanos_button
                0xc0d03190       0x24 obj/main.o
                0xc0d03190                ui_finalize_nanos_button
 .text.ui_verify_message_signature_nanos_button
                0xc0d031b4       0x54 obj/main.o
                0xc0d031b4                ui_verify_message_signature_nanos_button
 .text.ui_display_address_nanos_button
                0xc0d03208       0x54 obj/main.o
                0xc0d03208                ui_display_address_nanos_button
 .text.io_seproxyhal_display
                0xc0d0325c        0xe obj/main.o
                0xc0d0325c                io_seproxyhal_display
 *fill*         0xc0d0326a        0x2 00
 .text.io_exchange_al
                0xc0d0326c       0x44 obj/main.o
                0xc0d0326c                io_exchange_al
 .text.io_event
                0xc0d032b0      0x5d4 obj/main.o
                0xc0d032b0                io_event
 .text.prepare_fees
                0xc0d03884       0x90 obj/main.o
                0xc0d03884                prepare_fees
 .text.prepare_single_output
                0xc0d03914      0x1d4 obj/main.o
                0xc0d03914                prepare_single_output
 .text.prepare_full_output
                0xc0d03ae8      0x4bc obj/main.o
                0xc0d03ae8                prepare_full_output
 .text.prepare_message_signature
                0xc0d03fa4       0x50 obj/main.o
                0xc0d03fa4                prepare_message_signature
 .text.btchip_bagl_confirm_full_output
                0xc0d03ff4       0xc4 obj/main.o
                0xc0d03ff4                btchip_bagl_confirm_full_output
 .text.btchip_bagl_confirm_single_output
                0xc0d040b8       0xec obj/main.o
                0xc0d040b8                btchip_bagl_confirm_single_output
 .text.btchip_bagl_finalize_tx
                0xc0d041a4       0xc4 obj/main.o
                0xc0d041a4                btchip_bagl_finalize_tx
 .text.btchip_bagl_confirm_message_signature
                0xc0d04268       0xb8 obj/main.o
                0xc0d04268                btchip_bagl_confirm_message_signature
 .text.btchip_bagl_display_public_key
                0xc0d04320       0xd4 obj/main.o
                0xc0d04320                btchip_bagl_display_public_key
 .text.app_exit
                0xc0d043f4       0x48 obj/main.o
                0xc0d043f4                app_exit
 .text.os_boot  0xc0d0443c        0x6 obj/os.o
                0xc0d0443c                os_boot
 .text.try_context_set
                0xc0d04442        0x4 obj/os.o
                0xc0d04442                try_context_set
 *fill*         0xc0d04446        0x2 00
 .text.io_usb_hid_receive
                0xc0d04448      0x150 obj/os.o
                0xc0d04448                io_usb_hid_receive
 .text.os_memset
                0xc0d04598       0x12 obj/os.o
                0xc0d04598                os_memset
 .text.os_memmove
                0xc0d045aa       0x36 obj/os.o
                0xc0d045aa                os_memmove
 .text.io_usb_hid_init
                0xc0d045e0        0xc obj/os.o
                0xc0d045e0                io_usb_hid_init
 .text.io_usb_hid_exchange
                0xc0d045ec       0xf8 obj/os.o
                0xc0d045ec                io_usb_hid_exchange
 .text.os_memcmp
                0xc0d046e4       0x2e obj/os.o
                0xc0d046e4                os_memcmp
 .text.os_longjmp
                0xc0d04712        0xa obj/os.o
                0xc0d04712                os_longjmp
 .text.try_context_get
                0xc0d0471c        0x4 obj/os.o
                0xc0d0471c                try_context_get
 .text.try_context_get_previous
                0xc0d04720        0xc obj/os.o
                0xc0d04720                try_context_get_previous
 .text.io_seproxyhal_general_status
                0xc0d0472c       0x28 obj/os_io_seproxyhal.o
                0xc0d0472c                io_seproxyhal_general_status
 .text.io_seproxyhal_handle_usb_event
                0xc0d04754       0x5c obj/os_io_seproxyhal.o
                0xc0d04754                io_seproxyhal_handle_usb_event
 .text.io_seproxyhal_get_ep_rx_size
                0xc0d047b0       0x10 obj/os_io_seproxyhal.o
                0xc0d047b0                io_seproxyhal_get_ep_rx_size
 .text.io_seproxyhal_handle_usb_ep_xfer_event
                0xc0d047c0       0x50 obj/os_io_seproxyhal.o
                0xc0d047c0                io_seproxyhal_handle_usb_ep_xfer_event
 .text.io_usb_send_ep
                0xc0d04810       0x94 obj/os_io_seproxyhal.o
                0xc0d04810                io_usb_send_ep
 .text.io_seproxyhal_handle_event
                0xc0d048a4       0x88 obj/os_io_seproxyhal.o
                0xc0d048a4                io_seproxyhal_handle_event
 .text.io_usb_send_apdu_data
                0xc0d0492c       0x10 obj/os_io_seproxyhal.o
                0xc0d0492c                io_usb_send_apdu_data
 .text.io_seproxyhal_handle_capdu_event
                0xc0d0493c       0x44 obj/os_io_seproxyhal.o
                0xc0d0493c                io_seproxyhal_handle_capdu_event
 .text.io_seproxyhal_init
                0xc0d04980       0x58 obj/os_io_seproxyhal.o
                0xc0d04980                io_seproxyhal_init
 .text.io_seproxyhal_init_ux
                0xc0d049d8        0xc obj/os_io_seproxyhal.o
                0xc0d049d8                io_seproxyhal_init_ux
 .text.io_seproxyhal_touch_out
                0xc0d049e4       0x46 obj/os_io_seproxyhal.o
                0xc0d049e4                io_seproxyhal_touch_out
 .text.io_seproxyhal_touch_over
                0xc0d04a2a       0x56 obj/os_io_seproxyhal.o
                0xc0d04a2a                io_seproxyhal_touch_over
 .text.io_seproxyhal_touch_tap
                0xc0d04a80       0x46 obj/os_io_seproxyhal.o
                0xc0d04a80                io_seproxyhal_touch_tap
 *fill*         0xc0d04ac6        0x2 00
 .text.io_seproxyhal_touch_element_callback
                0xc0d04ac8      0x110 obj/os_io_seproxyhal.o
                0xc0d04ac8                io_seproxyhal_touch_element_callback
 .text.io_seproxyhal_display_icon
                0xc0d04bd8       0x8c obj/os_io_seproxyhal.o
                0xc0d04bd8                io_seproxyhal_display_icon
 .text.io_seproxyhal_display_default
                0xc0d04c64       0x84 obj/os_io_seproxyhal.o
                0xc0d04c64                io_seproxyhal_display_default
 .text.bagl_label_roundtrip_duration_ms
                0xc0d04ce8        0xc obj/os_io_seproxyhal.o
                0xc0d04ce8                bagl_label_roundtrip_duration_ms
 .text.bagl_label_roundtrip_duration_ms_buf
                0xc0d04cf4       0x4a obj/os_io_seproxyhal.o
                0xc0d04cf4                bagl_label_roundtrip_duration_ms_buf
 *fill*         0xc0d04d3e        0x2 00
 .text.io_seproxyhal_button_push
                0xc0d04d40       0x74 obj/os_io_seproxyhal.o
                0xc0d04d40                io_seproxyhal_button_push
 .text.io_exchange
                0xc0d04db4      0x1f8 obj/os_io_seproxyhal.o
                0xc0d04db4                io_exchange
 .text.screen_printc
                0xc0d04fac       0x2a obj/os_io_seproxyhal.o
                0xc0d04fac                screen_printc
 *fill*         0xc0d04fd6        0x2 00
 .text.ux_menu_element_preprocessor
                0xc0d04fd8      0x188 obj/os_io_seproxyhal.o
                0xc0d04fd8                ux_menu_element_preprocessor
 .text.ux_menu_elements_button
                0xc0d05160      0x118 obj/os_io_seproxyhal.o
                0xc0d05160                ux_menu_elements_button
 .text.ux_menu_display
                0xc0d05278      0x10c obj/os_io_seproxyhal.o
                0xc0d05278                ux_menu_display
 .text.ux_check_status_default
                0xc0d05384        0x2 obj/os_io_seproxyhal.o
                0xc0d05384                ux_check_status
                0xc0d05384                ux_check_status_default
 *fill*         0xc0d05386        0x2 00
 .text.screen_printf
                0xc0d05388      0x34c obj/os_printf.o
                0xc0d05388                screen_printf
 .text.snprintf
                0xc0d056d4      0x420 obj/os_printf.o
                0xc0d056d4                snprintf
 .text.pic      0xc0d05af4       0x1c obj/pic.o
                0xc0d05af4                pic
 .text.pic_internal
                0xc0d05b10       0x10 obj/pic_internal.o
                0xc0d05b10                pic_internal
 .text.bech32_polymod_step
                0xc0d05b20       0x60 obj/segwit_addr.o
                0xc0d05b20                bech32_polymod_step
 .text.bech32_encode
                0xc0d05b80      0x120 obj/segwit_addr.o
                0xc0d05b80                bech32_encode
 .text.segwit_addr_encode
                0xc0d05ca0       0x52 obj/segwit_addr.o
                0xc0d05ca0                segwit_addr_encode
 .text.convert_bits
                0xc0d05cf2       0xaa obj/segwit_addr.o
 .text.SVC_Call
                0xc0d05d9c        0x4 obj/syscalls.o
                0xc0d05d9c                SVC_Call
 .text.check_api_level
                0xc0d05da0       0x2c obj/syscalls.o
                0xc0d05da0                check_api_level
 .text.reset    0xc0d05dcc       0x28 obj/syscalls.o
                0xc0d05dcc                reset
 .text.nvm_write
                0xc0d05df4       0x2c obj/syscalls.o
                0xc0d05df4                nvm_write
 .text.cx_rng   0xc0d05e20       0x30 obj/syscalls.o
                0xc0d05e20                cx_rng
 .text.cx_hash  0xc0d05e50       0x38 obj/syscalls.o
                0xc0d05e50                cx_hash
 .text.cx_ripemd160_init
                0xc0d05e88       0x2c obj/syscalls.o
                0xc0d05e88                cx_ripemd160_init
 .text.cx_sha256_init
                0xc0d05eb4       0x2c obj/syscalls.o
                0xc0d05eb4                cx_sha256_init
 .text.cx_hmac_sha256
                0xc0d05ee0       0x38 obj/syscalls.o
                0xc0d05ee0                cx_hmac_sha256
 .text.cx_ecfp_init_private_key
                0xc0d05f18       0x30 obj/syscalls.o
                0xc0d05f18                cx_ecfp_init_private_key
 .text.cx_ecfp_generate_pair
                0xc0d05f48       0x30 obj/syscalls.o
                0xc0d05f48                cx_ecfp_generate_pair
 .text.cx_ecdsa_sign
                0xc0d05f78       0x40 obj/syscalls.o
                0xc0d05f78                cx_ecdsa_sign
 .text.cx_ecdsa_verify
                0xc0d05fb8       0x3c obj/syscalls.o
                0xc0d05fb8                cx_ecdsa_verify
 .text.os_perso_derive_node_bip32
                0xc0d05ff4       0x30 obj/syscalls.o
                0xc0d05ff4                os_perso_derive_node_bip32
 .text.os_global_pin_is_validated
                0xc0d06024       0x2c obj/syscalls.o
                0xc0d06024                os_global_pin_is_validated
 .text.os_sched_exit
                0xc0d06050       0x2c obj/syscalls.o
                0xc0d06050                os_sched_exit
 .text.os_ux    0xc0d0607c       0x2c obj/syscalls.o
                0xc0d0607c                os_ux
 .text.os_lib_throw
                0xc0d060a8       0x2c obj/syscalls.o
                0xc0d060a8                os_lib_throw
 .text.io_seproxyhal_spi_send
                0xc0d060d4       0x2c obj/syscalls.o
                0xc0d060d4                io_seproxyhal_spi_send
 .text.io_seproxyhal_spi_is_status_sent
                0xc0d06100       0x2c obj/syscalls.o
                0xc0d06100                io_seproxyhal_spi_is_status_sent
 .text.io_seproxyhal_spi_recv
                0xc0d0612c       0x30 obj/syscalls.o
                0xc0d0612c                io_seproxyhal_spi_recv
 .text.u2f_apdu_sign
                0xc0d0615c       0xac obj/u2f_impl.o
                0xc0d0615c                u2f_apdu_sign
 .text.u2f_handle_cmd_init
                0xc0d06208       0x8c obj/u2f_impl.o
                0xc0d06208                u2f_handle_cmd_init
 .text.u2f_handle_cmd_msg
                0xc0d06294       0xb8 obj/u2f_impl.o
                0xc0d06294                u2f_handle_cmd_msg
 .text.u2f_message_complete
                0xc0d0634c       0x3a obj/u2f_impl.o
                0xc0d0634c                u2f_message_complete
 *fill*         0xc0d06386        0x2 00
 .text.u2f_io_send
                0xc0d06388       0x6c obj/u2f_io.o
                0xc0d06388                u2f_io_send
 .text.u2f_transport_init
                0xc0d063f4       0x12 obj/u2f_transport.o
                0xc0d063f4                u2f_transport_init
 *fill*         0xc0d06406        0x2 00
 .text.u2f_transport_sent
                0xc0d06408       0xc4 obj/u2f_transport.o
                0xc0d06408                u2f_transport_sent
 .text.u2f_transport_received
                0xc0d064cc      0x338 obj/u2f_transport.o
                0xc0d064cc                u2f_transport_received
 .text.u2f_is_channel_broadcast
                0xc0d06804       0x20 obj/u2f_transport.o
                0xc0d06804                u2f_is_channel_broadcast
 .text.u2f_message_reply
                0xc0d06824       0x1c obj/u2f_transport.o
                0xc0d06824                u2f_message_reply
 .text.USBD_LL_Init
                0xc0d06840       0x14 obj/usbd_conf.o
                0xc0d06840                USBD_LL_Init
 .text.USBD_LL_DeInit
                0xc0d06854       0x24 obj/usbd_conf.o
                0xc0d06854                USBD_LL_DeInit
 .text.USBD_LL_Start
                0xc0d06878       0x38 obj/usbd_conf.o
                0xc0d06878                USBD_LL_Start
 .text.USBD_LL_Stop
                0xc0d068b0       0x22 obj/usbd_conf.o
                0xc0d068b0                USBD_LL_Stop
 *fill*         0xc0d068d2        0x2 00
 .text.USBD_LL_OpenEP
                0xc0d068d4       0x4c obj/usbd_conf.o
                0xc0d068d4                USBD_LL_OpenEP
 .text.USBD_LL_CloseEP
                0xc0d06920       0x2c obj/usbd_conf.o
                0xc0d06920                USBD_LL_CloseEP
 .text.USBD_LL_StallEP
                0xc0d0694c       0x4c obj/usbd_conf.o
                0xc0d0694c                USBD_LL_StallEP
 .text.USBD_LL_ClearStallEP
                0xc0d06998       0x48 obj/usbd_conf.o
                0xc0d06998                USBD_LL_ClearStallEP
 .text.USBD_LL_IsStallEP
                0xc0d069e0       0x24 obj/usbd_conf.o
                0xc0d069e0                USBD_LL_IsStallEP
 .text.USBD_LL_SetUSBAddress
                0xc0d06a04       0x24 obj/usbd_conf.o
                0xc0d06a04                USBD_LL_SetUSBAddress
 .text.USBD_LL_Transmit
                0xc0d06a28       0x32 obj/usbd_conf.o
                0xc0d06a28                USBD_LL_Transmit
 .text.USBD_LL_PrepareReceive
                0xc0d06a5a       0x26 obj/usbd_conf.o
                0xc0d06a5a                USBD_LL_PrepareReceive
 .text.USBD_Init
                0xc0d06a80       0x34 obj/usbd_core.o
                0xc0d06a80                USBD_Init
 .text.USBD_DeInit
                0xc0d06ab4       0x3c obj/usbd_core.o
                0xc0d06ab4                USBD_DeInit
 .text.USBD_RegisterClassForInterface
                0xc0d06af0       0x18 obj/usbd_core.o
                0xc0d06af0                USBD_RegisterClassForInterface
 .text.USBD_Start
                0xc0d06b08        0xa obj/usbd_core.o
                0xc0d06b08                USBD_Start
 .text.USBD_SetClassConfig
                0xc0d06b12       0x34 obj/usbd_core.o
                0xc0d06b12                USBD_SetClassConfig
 .text.USBD_ClrClassConfig
                0xc0d06b46       0x34 obj/usbd_core.o
                0xc0d06b46                USBD_ClrClassConfig
 .text.USBD_LL_SetupStage
                0xc0d06b7a       0x5c obj/usbd_core.o
                0xc0d06b7a                USBD_LL_SetupStage
 .text.USBD_LL_DataOutStage
                0xc0d06bd6       0xb4 obj/usbd_core.o
                0xc0d06bd6                USBD_LL_DataOutStage
 .text.USBD_LL_DataInStage
                0xc0d06c8a       0xec obj/usbd_core.o
                0xc0d06c8a                USBD_LL_DataInStage
 .text.USBD_LL_Reset
                0xc0d06d76       0x40 obj/usbd_core.o
                0xc0d06d76                USBD_LL_Reset
 .text.USBD_LL_SetSpeed
                0xc0d06db6        0x6 obj/usbd_core.o
                0xc0d06db6                USBD_LL_SetSpeed
 .text.USBD_LL_Suspend
                0xc0d06dbc        0x4 obj/usbd_core.o
                0xc0d06dbc                USBD_LL_Suspend
 .text.USBD_LL_Resume
                0xc0d06dc0        0x4 obj/usbd_core.o
                0xc0d06dc0                USBD_LL_Resume
 .text.USBD_LL_SOF
                0xc0d06dc4       0x3c obj/usbd_core.o
                0xc0d06dc4                USBD_LL_SOF
 .text.usbd_is_valid_intf
                0xc0d06e00       0x1a obj/usbd_ctlreq.o
                0xc0d06e00                usbd_is_valid_intf
 .text.USBD_StdDevReq
                0xc0d06e1a       0x5a obj/usbd_ctlreq.o
                0xc0d06e1a                USBD_StdDevReq
 .text.USBD_GetDescriptor
                0xc0d06e74      0x104 obj/usbd_ctlreq.o
                0xc0d06e74                USBD_GetDescriptor
 .text.USBD_SetAddress
                0xc0d06f78       0x4a obj/usbd_ctlreq.o
                0xc0d06f78                USBD_SetAddress
 .text.USBD_SetConfig
                0xc0d06fc2       0x6e obj/usbd_ctlreq.o
                0xc0d06fc2                USBD_SetConfig
 .text.USBD_GetConfig
                0xc0d07030       0x2e obj/usbd_ctlreq.o
                0xc0d07030                USBD_GetConfig
 .text.USBD_GetStatus
                0xc0d0705e       0x44 obj/usbd_ctlreq.o
                0xc0d0705e                USBD_GetStatus
 .text.USBD_SetFeature
                0xc0d070a2       0x3a obj/usbd_ctlreq.o
                0xc0d070a2                USBD_SetFeature
 .text.USBD_ClrFeature
                0xc0d070dc       0x50 obj/usbd_ctlreq.o
                0xc0d070dc                USBD_ClrFeature
 .text.USBD_CtlError
                0xc0d0712c       0x14 obj/usbd_ctlreq.o
                0xc0d0712c                USBD_CtlError
 .text.USBD_StdItfReq
                0xc0d07140       0x48 obj/usbd_ctlreq.o
                0xc0d07140                USBD_StdItfReq
 .text.USBD_StdEPReq
                0xc0d07188      0x112 obj/usbd_ctlreq.o
                0xc0d07188                USBD_StdEPReq
 .text.USBD_ParseSetupRequest
                0xc0d0729a       0x28 obj/usbd_ctlreq.o
                0xc0d0729a                USBD_ParseSetupRequest
 .text.USBD_HID_Setup
                0xc0d072c2       0x98 obj/usbd_hid.o
                0xc0d072c2                USBD_HID_Setup
 .text.USBD_HID_Init
                0xc0d0735a       0x32 obj/usbd_hid.o
                0xc0d0735a                USBD_HID_Init
 .text.USBD_HID_DeInit
                0xc0d0738c       0x16 obj/usbd_hid.o
                0xc0d0738c                USBD_HID_DeInit
 *fill*         0xc0d073a2        0x2 00
 .text.USBD_HID_GetHidDescriptor_impl
                0xc0d073a4       0x34 obj/usbd_impl.o
                0xc0d073a4                USBD_HID_GetHidDescriptor_impl
 .text.USBD_HID_GetReportDescriptor_impl
                0xc0d073d8       0x64 obj/usbd_impl.o
                0xc0d073d8                USBD_HID_GetReportDescriptor_impl
 .text.USBD_U2F_DataIn_impl
                0xc0d0743c       0x18 obj/usbd_impl.o
                0xc0d0743c                USBD_U2F_DataIn_impl
 .text.USBD_U2F_DataOut_impl
                0xc0d07454       0x2c obj/usbd_impl.o
                0xc0d07454                USBD_U2F_DataOut_impl
 .text.USBD_HID_DataOut_impl
                0xc0d07480       0x58 obj/usbd_impl.o
                0xc0d07480                USBD_HID_DataOut_impl
 .text.USBD_DeviceDescriptor
                0xc0d074d8       0x10 obj/usbd_impl.o
 .text.USBD_LangIDStrDescriptor
                0xc0d074e8       0x10 obj/usbd_impl.o
 .text.USBD_ManufacturerStrDescriptor
                0xc0d074f8       0x10 obj/usbd_impl.o
 .text.USBD_ProductStrDescriptor
                0xc0d07508       0x10 obj/usbd_impl.o
 .text.USBD_SerialStrDescriptor
                0xc0d07518       0x10 obj/usbd_impl.o
 .text.USBD_ConfigStrDescriptor
                0xc0d07528       0x10 obj/usbd_impl.o
 .text.USBD_InterfaceStrDescriptor
                0xc0d07538       0x10 obj/usbd_impl.o
 .text.USB_power
                0xc0d07548       0x7c obj/usbd_impl.o
                0xc0d07548                USB_power
 .text.USBD_GetCfgDesc_impl
                0xc0d075c4       0x10 obj/usbd_impl.o
 .text.USBD_GetDeviceQualifierDesc_impl
                0xc0d075d4       0x10 obj/usbd_impl.o
 .text.USBD_CtlSendData
                0xc0d075e4       0x2c obj/usbd_ioreq.o
                0xc0d075e4                USBD_CtlSendData
 .text.USBD_CtlContinueSendData
                0xc0d07610       0x1c obj/usbd_ioreq.o
                0xc0d07610                USBD_CtlContinueSendData
 .text.USBD_CtlContinueRx
                0xc0d0762c        0xe obj/usbd_ioreq.o
                0xc0d0762c                USBD_CtlContinueRx
 .text.USBD_CtlSendStatus
                0xc0d0763a       0x18 obj/usbd_ioreq.o
                0xc0d0763a                USBD_CtlSendStatus
 .text.USBD_CtlReceiveStatus
                0xc0d07652       0x16 obj/usbd_ioreq.o
                0xc0d07652                USBD_CtlReceiveStatus
 .text          0xc0d07668      0x114 /opt/bolos/gcc-arm-none-eabi-5_3-2016q1/bin/../lib/gcc/arm-none-eabi/5.3.1/armv6-m/libgcc.a(_udivsi3.o)
                0xc0d07668                __udivsi3
                0xc0d07668                __aeabi_uidiv
                0xc0d07774                __aeabi_uidivmod
 .text          0xc0d0777c        0x4 /opt/bolos/gcc-arm-none-eabi-5_3-2016q1/bin/../lib/gcc/arm-none-eabi/5.3.1/armv6-m/libgcc.a(_dvmd_tls.o)
                0xc0d0777c                __aeabi_ldiv0
                0xc0d0777c                __aeabi_idiv0
 .text.__aeabi_memclr
                0xc0d07780        0xc /opt/bolos/gcc-arm-none-eabi-5_3-2016q1/bin/../lib/gcc/arm-none-eabi/5.3.1/../../../../arm-none-eabi/lib/armv6-m/libc.a(lib_a-aeabi_memclr.o)
                0xc0d07780                __aeabi_memclr8
                0xc0d07780                __aeabi_memclr
                0xc0d07780                __aeabi_memclr4
 .text.__aeabi_memcpy
                0xc0d0778c        0x8 /opt/bolos/gcc-arm-none-eabi-5_3-2016q1/bin/../lib/gcc/arm-none-eabi/5.3.1/../../../../arm-none-eabi/lib/armv6-m/libc.a(lib_a-aeabi_memcpy.o)
                0xc0d0778c                __aeabi_memcpy
                0xc0d0778c                __aeabi_memcpy4
                0xc0d0778c                __aeabi_memcpy8
 .text.__aeabi_memset
                0xc0d07794       0x10 /opt/bolos/gcc-arm-none-eabi-5_3-2016q1/bin/../lib/gcc/arm-none-eabi/5.3.1/../../../../arm-none-eabi/lib/armv6-m/libc.a(lib_a-aeabi_memset.o)
                0xc0d07794                __aeabi_memset
                0xc0d07794                __aeabi_memset8
                0xc0d07794                __aeabi_memset4
 .text.memcpy   0xc0d077a4       0x7c /opt/bolos/gcc-arm-none-eabi-5_3-2016q1/bin/../lib/gcc/arm-none-eabi/5.3.1/../../../../arm-none-eabi/lib/armv6-m/libc.a(lib_a-memcpy-stub.o)
                0xc0d077a4                memcpy
 .text.memset   0xc0d07820       0x8c /opt/bolos/gcc-arm-none-eabi-5_3-2016q1/bin/../lib/gcc/arm-none-eabi/5.3.1/../../../../arm-none-eabi/lib/armv6-m/libc.a(lib_a-memset.o)
                0xc0d07820                memset
 .text          0xc0d078ac       0x34 /opt/bolos/gcc-arm-none-eabi-5_3-2016q1/bin/../lib/gcc/arm-none-eabi/5.3.1/../../../../arm-none-eabi/lib/armv6-m/libc.a(lib_a-setjmp.o)
                0xc0d078ac                setjmp
                0xc0d078c4                longjmp
 .text.strcpy   0xc0d078e0       0x10 /opt/bolos/gcc-arm-none-eabi-5_3-2016q1/bin/../lib/gcc/arm-none-eabi/5.3.1/../../../../arm-none-eabi/lib/armv6-m/libc.a(lib_a-strcpy.o)
                0xc0d078e0                strcpy
 .text.strlen   0xc0d078f0       0x68 /opt/bolos/gcc-arm-none-eabi-5_3-2016q1/bin/../lib/gcc/arm-none-eabi/5.3.1/../../../../arm-none-eabi/lib/armv6-m/libc.a(lib_a-strlen-stub.o)
                0xc0d078f0                strlen
 *(.rodata)
 *(.rodata.[^N]*)
 .rodata.TRANSACTION_OUTPUT_SCRIPT_PRE
                0xc0d07958        0x4 obj/btchip_helpers.o
                0xc0d07958                TRANSACTION_OUTPUT_SCRIPT_PRE
 .rodata.TRANSACTION_OUTPUT_SCRIPT_POST
                0xc0d0795c        0x2 obj/btchip_helpers.o
                0xc0d0795c                TRANSACTION_OUTPUT_SCRIPT_POST
 .rodata.TRANSACTION_OUTPUT_SCRIPT_P2SH_PRE
                0xc0d0795e        0x3 obj/btchip_helpers.o
                0xc0d0795e                TRANSACTION_OUTPUT_SCRIPT_P2SH_PRE
 .rodata.TRANSACTION_OUTPUT_SCRIPT_P2SH_POST
                0xc0d07961        0x1 obj/btchip_helpers.o
                0xc0d07961                TRANSACTION_OUTPUT_SCRIPT_P2SH_POST
 .rodata.ZEN_TRANSACTION_OUTPUT_SCRIPT_P2SH_PRE
                0xc0d07962        0x3 obj/btchip_helpers.o
                0xc0d07962                ZEN_TRANSACTION_OUTPUT_SCRIPT_P2SH_PRE
 .rodata.ZEN_TRANSACTION_OUTPUT_SCRIPT_P2SH_POST
                0xc0d07965       0x27 obj/btchip_helpers.o
                0xc0d07965                ZEN_TRANSACTION_OUTPUT_SCRIPT_P2SH_POST
 .rodata.TRANSACTION_OUTPUT_SCRIPT_P2WPKH_PRE
                0xc0d0798c        0x3 obj/btchip_helpers.o
                0xc0d0798c                TRANSACTION_OUTPUT_SCRIPT_P2WPKH_PRE
 .rodata.TRANSACTION_OUTPUT_SCRIPT_P2WSH_PRE
                0xc0d0798f        0x3 obj/btchip_helpers.o
                0xc0d0798f                TRANSACTION_OUTPUT_SCRIPT_P2WSH_PRE
 .rodata.ZEN_OUTPUT_SCRIPT_PRE
                0xc0d07992        0x4 obj/btchip_helpers.o
                0xc0d07992                ZEN_OUTPUT_SCRIPT_PRE
 .rodata.ZEN_OUTPUT_SCRIPT_POST
                0xc0d07996       0x28 obj/btchip_helpers.o
                0xc0d07996                ZEN_OUTPUT_SCRIPT_POST
 .rodata.BASE58ALPHABET
                0xc0d079be       0x3a obj/btchip_rom_variables.o
                0xc0d079be                BASE58ALPHABET
 .rodata.SIGNMAGIC
                0xc0d079f8       0x11 obj/btchip_rom_variables.o
                0xc0d079f8                SIGNMAGIC
 .rodata.DISPATCHER_CLA
                0xc0d07a09        0xe obj/btchip_rom_variables.o
                0xc0d07a09                DISPATCHER_CLA
 .rodata.DISPATCHER_INS
                0xc0d07a17        0xe obj/btchip_rom_variables.o
                0xc0d07a17                DISPATCHER_INS
 .rodata.DISPATCHER_DATA_IN
                0xc0d07a25        0xe obj/btchip_rom_variables.o
                0xc0d07a25                DISPATCHER_DATA_IN
 *fill*         0xc0d07a33        0x1 00
 .rodata.DISPATCHER_FUNCTIONS
                0xc0d07a34       0x38 obj/btchip_rom_variables.o
                0xc0d07a34                DISPATCHER_FUNCTIONS
 .rodata.C_nanos_icon_back_colors
                0xc0d07a6c        0x8 obj/glyphs.o
                0xc0d07a6c                C_nanos_icon_back_colors
 .rodata.C_nanos_icon_back_bitmap
                0xc0d07a74       0x19 obj/glyphs.o
                0xc0d07a74                C_nanos_icon_back_bitmap
 *fill*         0xc0d07a8d        0x3 00
 .rodata.C_nanos_icon_back
                0xc0d07a90       0x14 obj/glyphs.o
                0xc0d07a90                C_nanos_icon_back
 .rodata.C_nanos_icon_dashboard_colors
                0xc0d07aa4        0x8 obj/glyphs.o
                0xc0d07aa4                C_nanos_icon_dashboard_colors
 .rodata.C_nanos_icon_dashboard_bitmap
                0xc0d07aac       0x19 obj/glyphs.o
                0xc0d07aac                C_nanos_icon_dashboard_bitmap
 *fill*         0xc0d07ac5        0x3 00
 .rodata.C_nanos_icon_dashboard
                0xc0d07ac8       0x14 obj/glyphs.o
                0xc0d07ac8                C_nanos_icon_dashboard
 .rodata.str1.1
                0xc0d07adc       0xd2 obj/main.o
 *fill*         0xc0d07bae        0x2 00
 .rodata.menu_about
                0xc0d07bb0       0x54 obj/main.o
                0xc0d07bb0                menu_about
 .rodata.menu_main
                0xc0d07c04       0x70 obj/main.o
                0xc0d07c04                menu_main
 .rodata.ui_display_address_nanos
                0xc0d07c74      0x188 obj/main.o
                0xc0d07c74                ui_display_address_nanos
 .rodata.ui_verify_nanos
                0xc0d07dfc      0x268 obj/main.o
                0xc0d07dfc                ui_verify_nanos
 .rodata.ui_verify_output_nanos
                0xc0d08064      0x1f8 obj/main.o
                0xc0d08064                ui_verify_output_nanos
 .rodata.ui_finalize_nanos
                0xc0d0825c      0x188 obj/main.o
                0xc0d0825c                ui_finalize_nanos
 .rodata.ui_verify_message_signature_nanos
                0xc0d083e4      0x188 obj/main.o
                0xc0d083e4                ui_verify_message_signature_nanos
 .rodata.C_coin_config
                0xc0d0856c       0x30 obj/main.o
                0xc0d0856c                C_coin_config
 .rodata.ux_menu_elements
                0xc0d0859c      0x1f8 obj/os_io_seproxyhal.o
                0xc0d0859c                ux_menu_elements
 .rodata.UX_MENU_END_ENTRY
                0xc0d08794       0x1c obj/os_io_seproxyhal.o
                0xc0d08794                UX_MENU_END_ENTRY
 .rodata.cst16  0xc0d087b0       0x20 obj/os_printf.o
 .rodata.str1.1
                0xc0d087d0        0x6 obj/os_printf.o
 .rodata.SW_INTERNAL
                0xc0d087d6        0x2 obj/u2f_impl.o
 .rodata.SW_BUSY
                0xc0d087d8        0x2 obj/u2f_impl.o
 .rodata.SW_WRONG_LENGTH
                0xc0d087da        0x2 obj/u2f_impl.o
 .rodata.SW_BAD_KEY_HANDLE
                0xc0d087dc        0x2 obj/u2f_impl.o
 .rodata.U2F_VERSION
                0xc0d087de        0x8 obj/u2f_impl.o
 .rodata.INFO   0xc0d087e6        0x4 obj/u2f_impl.o
 .rodata.SW_UNKNOWN_CLASS
                0xc0d087ea        0x2 obj/u2f_impl.o
 .rodata.SW_UNKNOWN_INSTRUCTION
                0xc0d087ec        0x2 obj/u2f_impl.o
 .rodata.BROADCAST_CHANNEL
                0xc0d087ee        0x4 obj/u2f_transport.o
 .rodata.FORBIDDEN_CHANNEL
                0xc0d087f2        0x4 obj/u2f_transport.o
 *fill*         0xc0d087f6        0x2 00
 .rodata.USBD_HID_Desc_fido
                0xc0d087f8        0x9 obj/usbd_impl.o
                0xc0d087f8                USBD_HID_Desc_fido
 *fill*         0xc0d08801        0x3 00
 .rodata.USBD_HID_Desc
                0xc0d08804        0x9 obj/usbd_impl.o
                0xc0d08804                USBD_HID_Desc
 .rodata.HID_ReportDesc_fido
                0xc0d0880d       0x22 obj/usbd_impl.o
 .rodata.HID_ReportDesc
                0xc0d0882f       0x22 obj/usbd_impl.o
 *fill*         0xc0d08851        0x3 00
 .rodata.HID_Desc
                0xc0d08854       0x20 obj/usbd_impl.o
                0xc0d08854                HID_Desc
 .rodata.USBD_HID
                0xc0d08874       0x38 obj/usbd_impl.o
 .rodata.USBD_U2F
                0xc0d088ac       0x38 obj/usbd_impl.o
 .rodata.USBD_DeviceDesc
                0xc0d088e4       0x12 obj/usbd_impl.o
 .rodata.USBD_LangIDDesc
                0xc0d088f6        0x4 obj/usbd_impl.o
 .rodata.USBD_MANUFACTURER_STRING
                0xc0d088fa        0xe obj/usbd_impl.o
 .rodata.USBD_PRODUCT_FS_STRING
                0xc0d08908        0xe obj/usbd_impl.o
 .rodata.USB_SERIAL_STRING
                0xc0d08916        0xa obj/usbd_impl.o
 .rodata.USBD_CfgDesc
                0xc0d08920       0x49 obj/usbd_impl.o
 *fill*         0xc0d08969        0x3 00
 .rodata.USBD_DeviceQualifierDesc
                0xc0d0896c        0xa obj/usbd_impl.o
 *(.rodata.N[^_]*)
                0xc0d08978                . = ALIGN (0x4)
 *fill*         0xc0d08976        0x2 00
                0xc0d08978                _etext = .
                0xc0d08980                . = ALIGN (PAGE_SIZE)
 *fill*         0xc0d08978        0x8 00
                0xc0d08980                _nvram_data = .
 *(.bss.N_* .rodata.N_*)
 .bss.N_btchip_real
                0xc0d08980       0x2a obj/btchip_nvram.o
                0xc0d08980                N_btchip_real
                0xc0d089c0                . = ALIGN (PAGE_SIZE)
 *fill*         0xc0d089aa       0x16 00
                0xc0d089c0                _install_parameters = .
                [!provide]                PROVIDE (N_install_parameters, .)
                0xc0d089c0                _envram = .
                0x00000040                _nvram_data_size = (_envram - _nvram_data)

.glue_7         0xc0d089c0        0x0
 .glue_7        0xc0d089c0        0x0 linker stubs

.glue_7t        0xc0d089c0        0x0
 .glue_7t       0xc0d089c0        0x0 linker stubs

.vfp11_veneer   0xc0d089c0        0x0
 .vfp11_veneer  0xc0d089c0        0x0 linker stubs

.v4_bx          0xc0d089c0        0x0
 .v4_bx         0xc0d089c0        0x0 linker stubs

.iplt           0xc0d089c0        0x0
 .iplt          0xc0d089c0        0x0 obj/btchip.o

.data           0xd0000000        0x0
                0xd0000000                . = ALIGN (0x4)
                0xd0000000                _data = .
 *(vtable)
 *(.data*)
                0xd0000000                _edata = .

.igot.plt       0xd0000000        0x0
 .igot.plt      0xd0000000        0x0 obj/btchip.o

.bss            0x20001800      0xcd0
                0x20001800                _bss = .
 *(.bss*)
 .bss.btchip_public_key_D
                0x20001800       0x4c obj/btchip_public_ram_key_variables.o
                0x20001800                btchip_public_key_D
 .bss.btchip_private_key_D
                0x2000184c       0x28 obj/btchip_public_ram_key_variables.o
                0x2000184c                btchip_private_key_D
 .bss.btchip_context_D
                0x20001874      0x3b0 obj/btchip_public_ram_variables.o
                0x20001874                btchip_context_D
 .bss.G_coin_config
                0x20001c24        0x4 obj/btchip_public_ram_variables.o
                0x20001c24                G_coin_config
 .bss.ux_step   0x20001c28        0x4 obj/main.o
                0x20001c28                ux_step
 .bss.ux        0x20001c2c       0xb0 obj/main.o
                0x20001c2c                ux
 .bss.vars      0x20001cdc       0x53 obj/main.o
                0x20001cdc                vars
 *fill*         0x20001d2f        0x1 00
 .bss.ux_step_count
                0x20001d30        0x4 obj/main.o
                0x20001d30                ux_step_count
 .bss.G_io_seproxyhal_spi_buffer
                0x20001d34      0x12c obj/main.o
                0x20001d34                G_io_seproxyhal_spi_buffer
 .bss.G_io_usb_hid_sequence_number
                0x20001e60        0x4 obj/os.o
                0x20001e60                G_io_usb_hid_sequence_number
 .bss.G_io_usb_hid_total_length
                0x20001e64        0x4 obj/os.o
                0x20001e64                G_io_usb_hid_total_length
 .bss.G_io_usb_hid_remaining_length
                0x20001e68        0x4 obj/os.o
                0x20001e68                G_io_usb_hid_remaining_length
 .bss.G_io_apdu_buffer
                0x20001e6c      0x151 obj/os.o
                0x20001e6c                G_io_apdu_buffer
 *fill*         0x20001fbd        0x3 00
 .bss.G_io_usb_hid_current_buffer
                0x20001fc0        0x4 obj/os.o
                0x20001fc0                G_io_usb_hid_current_buffer
 .bss.G_io_usb_hid_channel
                0x20001fc4        0x4 obj/os.o
                0x20001fc4                G_io_usb_hid_channel
 .bss.G_io_timeout_limit
                0x20001fc8        0x4 obj/os_io_seproxyhal.o
                0x20001fc8                G_io_timeout_limit
 .bss.G_io_timeout
                0x20001fcc        0x4 obj/os_io_seproxyhal.o
                0x20001fcc                G_io_timeout
 .bss.G_io_apdu_media
                0x20001fd0        0x1 obj/os_io_seproxyhal.o
                0x20001fd0                G_io_apdu_media
 .bss.G_io_usb_ep_xfer_len
                0x20001fd1        0x6 obj/os_io_seproxyhal.o
 .bss.G_io_apdu_state
                0x20001fd7        0x1 obj/os_io_seproxyhal.o
                0x20001fd7                G_io_apdu_state
 .bss.G_io_apdu_length
                0x20001fd8        0x2 obj/os_io_seproxyhal.o
                0x20001fd8                G_io_apdu_length
 .bss.G_io_apdu_offset
                0x20001fda        0x2 obj/os_io_seproxyhal.o
                0x20001fda                G_io_apdu_offset
 .bss.G_io_apdu_seq
                0x20001fdc        0x2 obj/os_io_seproxyhal.o
                0x20001fdc                G_io_apdu_seq
 *fill*         0x20001fde        0x2 00
 .bss.G_bagl_last_touched_not_released_component
                0x20001fe0        0x4 obj/os_io_seproxyhal.o
                0x20001fe0                G_bagl_last_touched_not_released_component
 .bss.G_button_mask
                0x20001fe4        0x4 obj/os_io_seproxyhal.o
                0x20001fe4                G_button_mask
 .bss.G_button_same_mask_counter
                0x20001fe8        0x4 obj/os_io_seproxyhal.o
                0x20001fe8                G_button_same_mask_counter
 .bss.G_io_u2f  0x20001fec       0x38 obj/os_io_seproxyhal.o
                0x20001fec                G_io_u2f
 .bss.ux_menu   0x20002024       0x4c obj/os_io_seproxyhal.o
                0x20002024                ux_menu
 .bss.G_io_usb_ep_buffer
                0x20002070       0x40 obj/os_io_seproxyhal.o
                0x20002070                G_io_usb_ep_buffer
 .bss.ep_in_stall
                0x200020b0        0x4 obj/usbd_conf.o
                0x200020b0                ep_in_stall
 .bss.ep_out_stall
                0x200020b4        0x4 obj/usbd_conf.o
                0x200020b4                ep_out_stall
 .bss.USBD_Device
                0x200020b8      0x114 obj/usbd_core.o
                0x200020b8                USBD_Device
                0x200021cc                _ebss = .
                0x200021cc                . = ALIGN (0x4)
                0x200021cc                app_stack_canary = .
                [!provide]                PROVIDE (app_stack_canary, .)
                0x200021d0                . = (. + 0x4)
 *fill*         0x200021cc        0x4 00
                0x200021d0                _stack = .
                0x200024d0                . = (_stack + STACK_SIZE)
 *fill*         0x200021d0      0x300 00
                [!provide]                PROVIDE (_stack_size, STACK_SIZE)
                [!provide]                PROVIDE (_estack, ABSOLUTE (END_STACK))

DEBUG           0xd0000000        0x8
 libc.a(*)
 libm.a(*)
 libgcc.a(*)
 *(.ARM.exidx* .gnu.linkonce.armexidx.*)
 .ARM.exidx.text.app_dispatch
                0xd0000000        0x0 obj/btchip.o
                                  0x8 (size before relaxing)
 .ARM.exidx.text.app_main
                0xd0000000        0x0 obj/btchip.o
                                  0x8 (size before relaxing)
 .ARM.exidx.text.btchip_apdu_get_coin_version
                0xd0000000        0x0 obj/btchip_apdu_get_coin_version.o
                                  0x8 (size before relaxing)
 .ARM.exidx.text.btchip_apdu_get_firmware_version
                0xd0000000        0x0 obj/btchip_apdu_get_firmware_version.o
                                  0x8 (size before relaxing)
 .ARM.exidx.text.btchip_apdu_get_operation_mode
                0xd0000000        0x0 obj/btchip_apdu_get_operation_mode.o
                                  0x8 (size before relaxing)
 .ARM.exidx.text.btchip_apdu_get_random
                0xd0000000        0x0 obj/btchip_apdu_get_random.o
                                  0x8 (size before relaxing)
 .ARM.exidx.text.btchip_apdu_get_trusted_input
                0xd0000000        0x0 obj/btchip_apdu_get_trusted_input.o
                                  0x8 (size before relaxing)
 .ARM.exidx.text.btchip_apdu_get_wallet_public_key
                0xd0000000        0x0 obj/btchip_apdu_get_wallet_public_key.o
                                  0x8 (size before relaxing)
 .ARM.exidx.text.btchip_bagl_user_action_display
                0xd0000000        0x0 obj/btchip_apdu_get_wallet_public_key.o
                                  0x8 (size before relaxing)
 .ARM.exidx.text.btchip_apdu_hash_input_finalize_full_internal
                0xd0000000        0x0 obj/btchip_apdu_hash_input_finalize_full.o
                                  0x8 (size before relaxing)
 .ARM.exidx.text.btchip_apdu_hash_input_finalize_full
                0xd0000000        0x0 obj/btchip_apdu_hash_input_finalize_full.o
                                  0x8 (size before relaxing)
 .ARM.exidx.text.btchip_bagl_user_action
                0xd0000000        0x0 obj/btchip_apdu_hash_input_finalize_full.o
                                  0x8 (size before relaxing)
 .ARM.exidx.text.handle_output_state
                0xd0000000        0x0 obj/btchip_apdu_hash_input_finalize_full.o
                                  0x8 (size before relaxing)
 .ARM.exidx.text.btchip_apdu_hash_input_start
                0xd0000000        0x0 obj/btchip_apdu_hash_input_start.o
                                  0x8 (size before relaxing)
 .ARM.exidx.text.btchip_apdu_hash_sign
                0xd0000000        0x0 obj/btchip_apdu_hash_sign.o
                                  0x8 (size before relaxing)
 .ARM.exidx.text.btchip_apdu_set_alternate_coin_version
                0xd0000000        0x0 obj/btchip_apdu_set_alternate_coin_version.o
                                  0x8 (size before relaxing)
 .ARM.exidx.text.btchip_apdu_set_operation_mode
                0xd0000000        0x0 obj/btchip_apdu_set_operation_mode.o
                                  0x8 (size before relaxing)
 .ARM.exidx.text.btchip_apdu_setup
                0xd0000000        0x0 obj/btchip_apdu_setup.o
                                  0x8 (size before relaxing)
 .ARM.exidx.text.btchip_autosetup
                0xd0000000        0x0 obj/btchip_apdu_setup.o
                                  0x8 (size before relaxing)
 .ARM.exidx.text.checkBitId
                0xd0000000        0x0 obj/btchip_apdu_sign_message.o
                                  0x8 (size before relaxing)
 .ARM.exidx.text.btchip_apdu_sign_message_internal
                0xd0000000        0x0 obj/btchip_apdu_sign_message.o
                                  0x8 (size before relaxing)
 .ARM.exidx.text.btchip_compute_hash
                0xd0000000        0x0 obj/btchip_apdu_sign_message.o
                                  0x8 (size before relaxing)
 .ARM.exidx.text.btchip_apdu_sign_message
                0xd0000000        0x0 obj/btchip_apdu_sign_message.o
                                  0x8 (size before relaxing)
 .ARM.exidx.text.btchip_bagl_user_action_message_signing
                0xd0000000        0x0 obj/btchip_apdu_sign_message.o
                                  0x8 (size before relaxing)
 .ARM.exidx.text.btchip_apdu_verify_pin
                0xd0000000        0x0 obj/btchip_apdu_verify_pin.o
                                  0x8 (size before relaxing)
 .ARM.exidx.text.btchip_encode_base58
                0xd0000000        0x0 obj/btchip_base58.o
                                  0x8 (size before relaxing)
 .ARM.exidx.text.btchip_convert_hex_amount_to_displayable
                0xd0000000        0x0 obj/btchip_bcd.o
                                  0x8 (size before relaxing)
 .ARM.exidx.text.btchip_context_init
                0xd0000000        0x0 obj/btchip_context.o
                                  0x8 (size before relaxing)
 .ARM.exidx.text.btchip_compress_public_key_value
                0xd0000000        0x0 obj/btchip_ecc.o
                                  0x8 (size before relaxing)
 .ARM.exidx.text.btchip_set_operation_mode
                0xd0000000        0x0 obj/btchip_filesystem.o
                                  0x8 (size before relaxing)
 .ARM.exidx.text.btchip_output_script_is_regular
                0xd0000000        0x0 obj/btchip_helpers.o
                                  0x8 (size before relaxing)
 .ARM.exidx.text.btchip_output_script_is_p2sh
                0xd0000000        0x0 obj/btchip_helpers.o
                                  0x8 (size before relaxing)
 .ARM.exidx.text.btchip_output_script_is_native_witness
                0xd0000000        0x0 obj/btchip_helpers.o
                                  0x8 (size before relaxing)
 .ARM.exidx.text.btchip_output_script_is_op_return
                0xd0000000        0x0 obj/btchip_helpers.o
                                  0x8 (size before relaxing)
 .ARM.exidx.text.btchip_output_script_is_op_create
                0xd0000000        0x0 obj/btchip_helpers.o
                                  0x8 (size before relaxing)
 .ARM.exidx.text.btchip_output_script_is_op_call
                0xd0000000        0x0 obj/btchip_helpers.o
                                  0x8 (size before relaxing)
 .ARM.exidx.text.btchip_secure_memcmp
                0xd0000000        0x0 obj/btchip_helpers.o
                                  0x8 (size before relaxing)
 .ARM.exidx.text.btchip_read_u32
                0xd0000000        0x0 obj/btchip_helpers.o
                                  0x8 (size before relaxing)
 .ARM.exidx.text.btchip_write_u32_le
                0xd0000000        0x0 obj/btchip_helpers.o
                                  0x8 (size before relaxing)
 .ARM.exidx.text.btchip_retrieve_keypair_discard
                0xd0000000        0x0 obj/btchip_helpers.o
                                  0x8 (size before relaxing)
 .ARM.exidx.text.btchip_public_key_hash160
                0xd0000000        0x0 obj/btchip_helpers.o
                                  0x8 (size before relaxing)
 .ARM.exidx.text.btchip_public_key_to_encoded_base58
                0xd0000000        0x0 obj/btchip_helpers.o
                                  0x8 (size before relaxing)
 .ARM.exidx.text.btchip_swap_bytes
                0xd0000000        0x0 obj/btchip_helpers.o
                                  0x8 (size before relaxing)
 .ARM.exidx.text.btchip_private_derive_keypair
                0xd0000000        0x0 obj/btchip_helpers.o
                                  0x8 (size before relaxing)
 .ARM.exidx.text.btchip_signverify_finalhash
                0xd0000000        0x0 obj/btchip_helpers.o
                                  0x8 (size before relaxing)
 .ARM.exidx.text.sbSet
                0xd0000000        0x0 obj/btchip_secure_value.o
                                  0x8 (size before relaxing)
 .ARM.exidx.text.sbCheck
                0xd0000000        0x0 obj/btchip_secure_value.o
                                  0x8 (size before relaxing)
 .ARM.exidx.text.transaction_amount_add_be
                0xd0000000        0x0 obj/btchip_transaction.o
                                  0x8 (size before relaxing)
 .ARM.exidx.text.transaction_amount_sub_be
                0xd0000000        0x0 obj/btchip_transaction.o
                                  0x8 (size before relaxing)
 .ARM.exidx.text.transaction_offset
                0xd0000000        0x0 obj/btchip_transaction.o
                                  0x8 (size before relaxing)
 .ARM.exidx.text.transaction_get_varint
                0xd0000000        0x0 obj/btchip_transaction.o
                                  0x8 (size before relaxing)
 .ARM.exidx.text.transaction_parse
                0xd0000000        0x0 obj/btchip_transaction.o
                                  0x8 (size before relaxing)
 .ARM.exidx.text.cashaddr_polymod_step
                0xd0000000        0x0 obj/cashaddr.o
                                  0x8 (size before relaxing)
 .ARM.exidx.text.PolyMod
                0xd0000000        0x0 obj/cashaddr.o
                                  0x8 (size before relaxing)
 .ARM.exidx.text.create_checksum
                0xd0000000        0x0 obj/cashaddr.o
                                  0x8 (size before relaxing)
 .ARM.exidx.text.cashaddr_encode
                0xd0000000        0x0 obj/cashaddr.o
                                  0x8 (size before relaxing)
 .ARM.exidx.text.cx_hash_X
                0xd0000000        0x0 obj/cx_compliance_141.o
                                  0x8 (size before relaxing)
 .ARM.exidx.text.cx_hmac_sha256_X
                0xd0000000        0x0 obj/cx_compliance_141.o
                                  0x8 (size before relaxing)
 .ARM.exidx.text.cx_ecfp_get_domain_length
                0xd0000000        0x0 obj/cx_compliance_141.o
                                  0x8 (size before relaxing)
 .ARM.exidx.text.cx_ecdsa_sign_X
                0xd0000000        0x0 obj/cx_compliance_141.o
                                  0x8 (size before relaxing)
 .ARM.exidx.text.ui_display_address_nanos_prepro
                0xd0000000        0x0 obj/main.o
                                  0x8 (size before relaxing)
 .ARM.exidx.text.ui_verify_prepro
                0xd0000000        0x0 obj/main.o
                                  0x8 (size before relaxing)
 .ARM.exidx.text.ui_verify_output_prepro
                0xd0000000        0x0 obj/main.o
                                  0x8 (size before relaxing)
 .ARM.exidx.text.ui_finalize_prepro
                0xd0000000        0x0 obj/main.o
                                  0x8 (size before relaxing)
 .ARM.exidx.text.ui_verify_message_prepro
                0xd0000000        0x0 obj/main.o
                                  0x8 (size before relaxing)
 .ARM.exidx.text.io_seproxyhal_touch_verify_cancel
                0xd0000000        0x0 obj/main.o
                                  0x8 (size before relaxing)
 .ARM.exidx.text.io_seproxyhal_touch_verify_ok
                0xd0000000        0x0 obj/main.o
                                  0x8 (size before relaxing)
 .ARM.exidx.text.ui_verify_nanos_button
                0xd0000000        0x0 obj/main.o
                                  0x8 (size before relaxing)
 .ARM.exidx.text.ui_verify_output_nanos_button
                0xd0000000        0x0 obj/main.o
                                  0x8 (size before relaxing)
 .ARM.exidx.text.ui_finalize_nanos_button
                0xd0000000        0x0 obj/main.o
                                  0x8 (size before relaxing)
 .ARM.exidx.text.ui_verify_message_signature_nanos_button
                0xd0000000        0x0 obj/main.o
                                  0x8 (size before relaxing)
 .ARM.exidx.text.ui_display_address_nanos_button
                0xd0000000        0x0 obj/main.o
                                  0x8 (size before relaxing)
 .ARM.exidx.text.io_seproxyhal_display
                0xd0000000        0x0 obj/main.o
                                  0x8 (size before relaxing)
 .ARM.exidx.text.io_exchange_al
                0xd0000000        0x0 obj/main.o
                                  0x8 (size before relaxing)
 .ARM.exidx.text.io_event
                0xd0000000        0x0 obj/main.o
                                  0x8 (size before relaxing)
 .ARM.exidx.text.prepare_fees
                0xd0000000        0x0 obj/main.o
                                  0x8 (size before relaxing)
 .ARM.exidx.text.prepare_single_output
                0xd0000000        0x0 obj/main.o
                                  0x8 (size before relaxing)
 .ARM.exidx.text.prepare_full_output
                0xd0000000        0x0 obj/main.o
                                  0x8 (size before relaxing)
 .ARM.exidx.text.prepare_message_signature
                0xd0000000        0x0 obj/main.o
                                  0x8 (size before relaxing)
 .ARM.exidx.text.btchip_bagl_confirm_full_output
                0xd0000000        0x0 obj/main.o
                                  0x8 (size before relaxing)
 .ARM.exidx.text.btchip_bagl_confirm_single_output
                0xd0000000        0x0 obj/main.o
                                  0x8 (size before relaxing)
 .ARM.exidx.text.btchip_bagl_finalize_tx
                0xd0000000        0x0 obj/main.o
                                  0x8 (size before relaxing)
 .ARM.exidx.text.btchip_bagl_confirm_message_signature
                0xd0000000        0x0 obj/main.o
                                  0x8 (size before relaxing)
 .ARM.exidx.text.btchip_bagl_display_public_key
                0xd0000000        0x0 obj/main.o
                                  0x8 (size before relaxing)
 .ARM.exidx.text.app_exit
                0xd0000000        0x0 obj/main.o
                                  0x8 (size before relaxing)
 .ARM.exidx.boot
                0xd0000000        0x8 obj/main.o
 .ARM.exidx.text.os_boot
                0xd0000008        0x0 obj/os.o
                                  0x8 (size before relaxing)
 .ARM.exidx.text.try_context_set
                0xd0000008        0x0 obj/os.o
                                  0x8 (size before relaxing)
 .ARM.exidx.text.io_usb_hid_receive
                0xd0000008        0x0 obj/os.o
                                  0x8 (size before relaxing)
 .ARM.exidx.text.os_memset
                0xd0000008        0x0 obj/os.o
                                  0x8 (size before relaxing)
 .ARM.exidx.text.os_memmove
                0xd0000008        0x0 obj/os.o
                                  0x8 (size before relaxing)
 .ARM.exidx.text.io_usb_hid_init
                0xd0000008        0x0 obj/os.o
                                  0x8 (size before relaxing)
 .ARM.exidx.text.io_usb_hid_exchange
                0xd0000008        0x0 obj/os.o
                                  0x8 (size before relaxing)
 .ARM.exidx.text.os_memcmp
                0xd0000008        0x0 obj/os.o
                                  0x8 (size before relaxing)
 .ARM.exidx.text.os_longjmp
                0xd0000008        0x0 obj/os.o
                                  0x8 (size before relaxing)
 .ARM.exidx.text.try_context_get
                0xd0000008        0x0 obj/os.o
                                  0x8 (size before relaxing)
 .ARM.exidx.text.try_context_get_previous
                0xd0000008        0x0 obj/os.o
                                  0x8 (size before relaxing)
 .ARM.exidx.text.io_seproxyhal_general_status
                0xd0000008        0x0 obj/os_io_seproxyhal.o
                                  0x8 (size before relaxing)
 .ARM.exidx.text.io_seproxyhal_handle_usb_event
                0xd0000008        0x0 obj/os_io_seproxyhal.o
                                  0x8 (size before relaxing)
 .ARM.exidx.text.io_seproxyhal_get_ep_rx_size
                0xd0000008        0x0 obj/os_io_seproxyhal.o
                                  0x8 (size before relaxing)
 .ARM.exidx.text.io_seproxyhal_handle_usb_ep_xfer_event
                0xd0000008        0x0 obj/os_io_seproxyhal.o
                                  0x8 (size before relaxing)
 .ARM.exidx.text.io_usb_send_ep
                0xd0000008        0x0 obj/os_io_seproxyhal.o
                                  0x8 (size before relaxing)
 .ARM.exidx.text.io_seproxyhal_handle_event
                0xd0000008        0x0 obj/os_io_seproxyhal.o
                                  0x8 (size before relaxing)
 .ARM.exidx.text.io_usb_send_apdu_data
                0xd0000008        0x0 obj/os_io_seproxyhal.o
                                  0x8 (size before relaxing)
 .ARM.exidx.text.io_seproxyhal_handle_capdu_event
                0xd0000008        0x0 obj/os_io_seproxyhal.o
                                  0x8 (size before relaxing)
 .ARM.exidx.text.io_seproxyhal_init
                0xd0000008        0x0 obj/os_io_seproxyhal.o
                                  0x8 (size before relaxing)
 .ARM.exidx.text.io_seproxyhal_init_ux
                0xd0000008        0x0 obj/os_io_seproxyhal.o
                                  0x8 (size before relaxing)
 .ARM.exidx.text.io_seproxyhal_touch_out
                0xd0000008        0x0 obj/os_io_seproxyhal.o
                                  0x8 (size before relaxing)
 .ARM.exidx.text.io_seproxyhal_touch_over
                0xd0000008        0x0 obj/os_io_seproxyhal.o
                                  0x8 (size before relaxing)
 .ARM.exidx.text.io_seproxyhal_touch_tap
                0xd0000008        0x0 obj/os_io_seproxyhal.o
                                  0x8 (size before relaxing)
 .ARM.exidx.text.io_seproxyhal_touch_element_callback
                0xd0000008        0x0 obj/os_io_seproxyhal.o
                                  0x8 (size before relaxing)
 .ARM.exidx.text.io_seproxyhal_display_icon
                0xd0000008        0x0 obj/os_io_seproxyhal.o
                                  0x8 (size before relaxing)
 .ARM.exidx.text.io_seproxyhal_display_default
                0xd0000008        0x0 obj/os_io_seproxyhal.o
                                  0x8 (size before relaxing)
 .ARM.exidx.text.bagl_label_roundtrip_duration_ms
                0xd0000008        0x0 obj/os_io_seproxyhal.o
                                  0x8 (size before relaxing)
 .ARM.exidx.text.bagl_label_roundtrip_duration_ms_buf
                0xd0000008        0x0 obj/os_io_seproxyhal.o
                                  0x8 (size before relaxing)
 .ARM.exidx.text.io_seproxyhal_button_push
                0xd0000008        0x0 obj/os_io_seproxyhal.o
                                  0x8 (size before relaxing)
 .ARM.exidx.text.io_exchange
                0xd0000008        0x0 obj/os_io_seproxyhal.o
                                  0x8 (size before relaxing)
 .ARM.exidx.text.screen_printc
                0xd0000008        0x0 obj/os_io_seproxyhal.o
                                  0x8 (size before relaxing)
 .ARM.exidx.text.ux_menu_element_preprocessor
                0xd0000008        0x0 obj/os_io_seproxyhal.o
                                  0x8 (size before relaxing)
 .ARM.exidx.text.ux_menu_elements_button
                0xd0000008        0x0 obj/os_io_seproxyhal.o
                                  0x8 (size before relaxing)
 .ARM.exidx.text.ux_menu_display
                0xd0000008        0x0 obj/os_io_seproxyhal.o
                                  0x8 (size before relaxing)
 .ARM.exidx.text.ux_check_status_default
                0xd0000008        0x0 obj/os_io_seproxyhal.o
                                  0x8 (size before relaxing)
 .ARM.exidx.text.screen_printf
                0xd0000008        0x0 obj/os_printf.o
                                  0x8 (size before relaxing)
 .ARM.exidx.text.snprintf
                0xd0000008        0x0 obj/os_printf.o
                                  0x8 (size before relaxing)
 .ARM.exidx.text.pic
                0xd0000008        0x0 obj/pic.o
                                  0x8 (size before relaxing)
 .ARM.exidx.text.pic_internal
                0xd0000008        0x0 obj/pic_internal.o
                                  0x8 (size before relaxing)
 .ARM.exidx.text.bech32_polymod_step
                0xd0000008        0x0 obj/segwit_addr.o
                                  0x8 (size before relaxing)
 .ARM.exidx.text.bech32_encode
                0xd0000008        0x0 obj/segwit_addr.o
                                  0x8 (size before relaxing)
 .ARM.exidx.text.segwit_addr_encode
                0xd0000008        0x0 obj/segwit_addr.o
                                  0x8 (size before relaxing)
 .ARM.exidx.text.convert_bits
                0xd0000008        0x0 obj/segwit_addr.o
                                  0x8 (size before relaxing)
 .ARM.exidx.text.SVC_Call
                0xd0000008        0x0 obj/syscalls.o
                                  0x8 (size before relaxing)
 .ARM.exidx.text.check_api_level
                0xd0000008        0x0 obj/syscalls.o
                                  0x8 (size before relaxing)
 .ARM.exidx.text.reset
                0xd0000008        0x0 obj/syscalls.o
                                  0x8 (size before relaxing)
 .ARM.exidx.text.nvm_write
                0xd0000008        0x0 obj/syscalls.o
                                  0x8 (size before relaxing)
 .ARM.exidx.text.cx_rng
                0xd0000008        0x0 obj/syscalls.o
                                  0x8 (size before relaxing)
 .ARM.exidx.text.cx_hash
                0xd0000008        0x0 obj/syscalls.o
                                  0x8 (size before relaxing)
 .ARM.exidx.text.cx_ripemd160_init
                0xd0000008        0x0 obj/syscalls.o
                                  0x8 (size before relaxing)
 .ARM.exidx.text.cx_sha256_init
                0xd0000008        0x0 obj/syscalls.o
                                  0x8 (size before relaxing)
 .ARM.exidx.text.cx_hmac_sha256
                0xd0000008        0x0 obj/syscalls.o
                                  0x8 (size before relaxing)
 .ARM.exidx.text.cx_ecfp_init_private_key
                0xd0000008        0x0 obj/syscalls.o
                                  0x8 (size before relaxing)
 .ARM.exidx.text.cx_ecfp_generate_pair
                0xd0000008        0x0 obj/syscalls.o
                                  0x8 (size before relaxing)
 .ARM.exidx.text.cx_ecdsa_sign
                0xd0000008        0x0 obj/syscalls.o
                                  0x8 (size before relaxing)
 .ARM.exidx.text.cx_ecdsa_verify
                0xd0000008        0x0 obj/syscalls.o
                                  0x8 (size before relaxing)
 .ARM.exidx.text.os_perso_derive_node_bip32
                0xd0000008        0x0 obj/syscalls.o
                                  0x8 (size before relaxing)
 .ARM.exidx.text.os_global_pin_is_validated
                0xd0000008        0x0 obj/syscalls.o
                                  0x8 (size before relaxing)
 .ARM.exidx.text.os_sched_exit
                0xd0000008        0x0 obj/syscalls.o
                                  0x8 (size before relaxing)
 .ARM.exidx.text.os_ux
                0xd0000008        0x0 obj/syscalls.o
                                  0x8 (size before relaxing)
 .ARM.exidx.text.os_lib_throw
                0xd0000008        0x0 obj/syscalls.o
                                  0x8 (size before relaxing)
 .ARM.exidx.text.io_seproxyhal_spi_send
                0xd0000008        0x0 obj/syscalls.o
                                  0x8 (size before relaxing)
 .ARM.exidx.text.io_seproxyhal_spi_is_status_sent
                0xd0000008        0x0 obj/syscalls.o
                                  0x8 (size before relaxing)
 .ARM.exidx.text.io_seproxyhal_spi_recv
                0xd0000008        0x0 obj/syscalls.o
                                  0x8 (size before relaxing)
 .ARM.exidx.text.u2f_apdu_sign
                0xd0000008        0x0 obj/u2f_impl.o
                                  0x8 (size before relaxing)
 .ARM.exidx.text.u2f_handle_cmd_init
                0xd0000008        0x0 obj/u2f_impl.o
                                  0x8 (size before relaxing)
 .ARM.exidx.text.u2f_handle_cmd_msg
                0xd0000008        0x0 obj/u2f_impl.o
                                  0x8 (size before relaxing)
 .ARM.exidx.text.u2f_message_complete
                0xd0000008        0x0 obj/u2f_impl.o
                                  0x8 (size before relaxing)
 .ARM.exidx.text.u2f_io_send
                0xd0000008        0x0 obj/u2f_io.o
                                  0x8 (size before relaxing)
 .ARM.exidx.text.u2f_transport_init
                0xd0000008        0x0 obj/u2f_transport.o
                                  0x8 (size before relaxing)
 .ARM.exidx.text.u2f_transport_sent
                0xd0000008        0x0 obj/u2f_transport.o
                                  0x8 (size before relaxing)
 .ARM.exidx.text.u2f_transport_received
                0xd0000008        0x0 obj/u2f_transport.o
                                  0x8 (size before relaxing)
 .ARM.exidx.text.u2f_is_channel_broadcast
                0xd0000008        0x0 obj/u2f_transport.o
                                  0x8 (size before relaxing)
 .ARM.exidx.text.u2f_message_reply
                0xd0000008        0x0 obj/u2f_transport.o
                                  0x8 (size before relaxing)
 .ARM.exidx.text.USBD_LL_Init
                0xd0000008        0x0 obj/usbd_conf.o
                                  0x8 (size before relaxing)
 .ARM.exidx.text.USBD_LL_DeInit
                0xd0000008        0x0 obj/usbd_conf.o
                                  0x8 (size before relaxing)
 .ARM.exidx.text.USBD_LL_Start
                0xd0000008        0x0 obj/usbd_conf.o
                                  0x8 (size before relaxing)
 .ARM.exidx.text.USBD_LL_Stop
                0xd0000008        0x0 obj/usbd_conf.o
                                  0x8 (size before relaxing)
 .ARM.exidx.text.USBD_LL_OpenEP
                0xd0000008        0x0 obj/usbd_conf.o
                                  0x8 (size before relaxing)
 .ARM.exidx.text.USBD_LL_CloseEP
                0xd0000008        0x0 obj/usbd_conf.o
                                  0x8 (size before relaxing)
 .ARM.exidx.text.USBD_LL_StallEP
                0xd0000008        0x0 obj/usbd_conf.o
                                  0x8 (size before relaxing)
 .ARM.exidx.text.USBD_LL_ClearStallEP
                0xd0000008        0x0 obj/usbd_conf.o
                                  0x8 (size before relaxing)
 .ARM.exidx.text.USBD_LL_IsStallEP
                0xd0000008        0x0 obj/usbd_conf.o
                                  0x8 (size before relaxing)
 .ARM.exidx.text.USBD_LL_SetUSBAddress
                0xd0000008        0x0 obj/usbd_conf.o
                                  0x8 (size before relaxing)
 .ARM.exidx.text.USBD_LL_Transmit
                0xd0000008        0x0 obj/usbd_conf.o
                                  0x8 (size before relaxing)
 .ARM.exidx.text.USBD_LL_PrepareReceive
                0xd0000008        0x0 obj/usbd_conf.o
                                  0x8 (size before relaxing)
 .ARM.exidx.text.USBD_Init
                0xd0000008        0x0 obj/usbd_core.o
                                  0x8 (size before relaxing)
 .ARM.exidx.text.USBD_DeInit
                0xd0000008        0x0 obj/usbd_core.o
                                  0x8 (size before relaxing)
 .ARM.exidx.text.USBD_RegisterClassForInterface
                0xd0000008        0x0 obj/usbd_core.o
                                  0x8 (size before relaxing)
 .ARM.exidx.text.USBD_Start
                0xd0000008        0x0 obj/usbd_core.o
                                  0x8 (size before relaxing)
 .ARM.exidx.text.USBD_SetClassConfig
                0xd0000008        0x0 obj/usbd_core.o
                                  0x8 (size before relaxing)
 .ARM.exidx.text.USBD_ClrClassConfig
                0xd0000008        0x0 obj/usbd_core.o
                                  0x8 (size before relaxing)
 .ARM.exidx.text.USBD_LL_SetupStage
                0xd0000008        0x0 obj/usbd_core.o
                                  0x8 (size before relaxing)
 .ARM.exidx.text.USBD_LL_DataOutStage
                0xd0000008        0x0 obj/usbd_core.o
                                  0x8 (size before relaxing)
 .ARM.exidx.text.USBD_LL_DataInStage
                0xd0000008        0x0 obj/usbd_core.o
                                  0x8 (size before relaxing)
 .ARM.exidx.text.USBD_LL_Reset
                0xd0000008        0x0 obj/usbd_core.o
                                  0x8 (size before relaxing)
 .ARM.exidx.text.USBD_LL_SetSpeed
                0xd0000008        0x0 obj/usbd_core.o
                                  0x8 (size before relaxing)
 .ARM.exidx.text.USBD_LL_Suspend
                0xd0000008        0x0 obj/usbd_core.o
                                  0x8 (size before relaxing)
 .ARM.exidx.text.USBD_LL_Resume
                0xd0000008        0x0 obj/usbd_core.o
                                  0x8 (size before relaxing)
 .ARM.exidx.text.USBD_LL_SOF
                0xd0000008        0x0 obj/usbd_core.o
                                  0x8 (size before relaxing)
 .ARM.exidx.text.usbd_is_valid_intf
                0xd0000008        0x0 obj/usbd_ctlreq.o
                                  0x8 (size before relaxing)
 .ARM.exidx.text.USBD_StdDevReq
                0xd0000008        0x0 obj/usbd_ctlreq.o
                                  0x8 (size before relaxing)
 .ARM.exidx.text.USBD_GetDescriptor
                0xd0000008        0x0 obj/usbd_ctlreq.o
                                  0x8 (size before relaxing)
 .ARM.exidx.text.USBD_SetAddress
                0xd0000008        0x0 obj/usbd_ctlreq.o
                                  0x8 (size before relaxing)
 .ARM.exidx.text.USBD_SetConfig
                0xd0000008        0x0 obj/usbd_ctlreq.o
                                  0x8 (size before relaxing)
 .ARM.exidx.text.USBD_GetConfig
                0xd0000008        0x0 obj/usbd_ctlreq.o
                                  0x8 (size before relaxing)
 .ARM.exidx.text.USBD_GetStatus
                0xd0000008        0x0 obj/usbd_ctlreq.o
                                  0x8 (size before relaxing)
 .ARM.exidx.text.USBD_SetFeature
                0xd0000008        0x0 obj/usbd_ctlreq.o
                                  0x8 (size before relaxing)
 .ARM.exidx.text.USBD_ClrFeature
                0xd0000008        0x0 obj/usbd_ctlreq.o
                                  0x8 (size before relaxing)
 .ARM.exidx.text.USBD_CtlError
                0xd0000008        0x0 obj/usbd_ctlreq.o
                                  0x8 (size before relaxing)
 .ARM.exidx.text.USBD_StdItfReq
                0xd0000008        0x0 obj/usbd_ctlreq.o
                                  0x8 (size before relaxing)
 .ARM.exidx.text.USBD_StdEPReq
                0xd0000008        0x0 obj/usbd_ctlreq.o
                                  0x8 (size before relaxing)
 .ARM.exidx.text.USBD_ParseSetupRequest
                0xd0000008        0x0 obj/usbd_ctlreq.o
                                  0x8 (size before relaxing)
 .ARM.exidx.text.USBD_HID_Setup
                0xd0000008        0x0 obj/usbd_hid.o
                                  0x8 (size before relaxing)
 .ARM.exidx.text.USBD_HID_Init
                0xd0000008        0x0 obj/usbd_hid.o
                                  0x8 (size before relaxing)
 .ARM.exidx.text.USBD_HID_DeInit
                0xd0000008        0x0 obj/usbd_hid.o
                                  0x8 (size before relaxing)
 .ARM.exidx.text.USBD_HID_GetHidDescriptor_impl
                0xd0000008        0x0 obj/usbd_impl.o
                                  0x8 (size before relaxing)
 .ARM.exidx.text.USBD_HID_GetReportDescriptor_impl
                0xd0000008        0x0 obj/usbd_impl.o
                                  0x8 (size before relaxing)
 .ARM.exidx.text.USBD_U2F_DataIn_impl
                0xd0000008        0x0 obj/usbd_impl.o
                                  0x8 (size before relaxing)
 .ARM.exidx.text.USBD_U2F_DataOut_impl
                0xd0000008        0x0 obj/usbd_impl.o
                                  0x8 (size before relaxing)
 .ARM.exidx.text.USBD_HID_DataOut_impl
                0xd0000008        0x0 obj/usbd_impl.o
                                  0x8 (size before relaxing)
 .ARM.exidx.text.USBD_DeviceDescriptor
                0xd0000008        0x0 obj/usbd_impl.o
                                  0x8 (size before relaxing)
 .ARM.exidx.text.USBD_LangIDStrDescriptor
                0xd0000008        0x0 obj/usbd_impl.o
                                  0x8 (size before relaxing)
 .ARM.exidx.text.USBD_ManufacturerStrDescriptor
                0xd0000008        0x0 obj/usbd_impl.o
                                  0x8 (size before relaxing)
 .ARM.exidx.text.USBD_ProductStrDescriptor
                0xd0000008        0x0 obj/usbd_impl.o
                                  0x8 (size before relaxing)
 .ARM.exidx.text.USBD_SerialStrDescriptor
                0xd0000008        0x0 obj/usbd_impl.o
                                  0x8 (size before relaxing)
 .ARM.exidx.text.USBD_ConfigStrDescriptor
                0xd0000008        0x0 obj/usbd_impl.o
                                  0x8 (size before relaxing)
 .ARM.exidx.text.USBD_InterfaceStrDescriptor
                0xd0000008        0x0 obj/usbd_impl.o
                                  0x8 (size before relaxing)
 .ARM.exidx.text.USB_power
                0xd0000008        0x0 obj/usbd_impl.o
                                  0x8 (size before relaxing)
 .ARM.exidx.text.USBD_GetCfgDesc_impl
                0xd0000008        0x0 obj/usbd_impl.o
                                  0x8 (size before relaxing)
 .ARM.exidx.text.USBD_GetDeviceQualifierDesc_impl
                0xd0000008        0x0 obj/usbd_impl.o
                                  0x8 (size before relaxing)
 .ARM.exidx.text.USBD_CtlSendData
                0xd0000008        0x0 obj/usbd_ioreq.o
                                  0x8 (size before relaxing)
 .ARM.exidx.text.USBD_CtlContinueSendData
                0xd0000008        0x0 obj/usbd_ioreq.o
                                  0x8 (size before relaxing)
 .ARM.exidx.text.USBD_CtlContinueRx
                0xd0000008        0x0 obj/usbd_ioreq.o
                                  0x8 (size before relaxing)
 .ARM.exidx.text.USBD_CtlSendStatus
                0xd0000008        0x0 obj/usbd_ioreq.o
                                  0x8 (size before relaxing)
 .ARM.exidx.text.USBD_CtlReceiveStatus
                0xd0000008        0x0 obj/usbd_ioreq.o
                                  0x8 (size before relaxing)

.rel.dyn        0xd0000008        0x0
 .rel.iplt      0xd0000008        0x0 obj/btchip.o

.stab
 *(.stab)

.stabstr
 *(.stabstr)

.stab.excl
 *(.stab.excl)

.stab.exclstr
 *(.stab.exclstr)

.stab.index
 *(.stab.index)

.stab.indexstr
 *(.stab.indexstr)

.comment        0x00000000       0x2d
 *(.comment)
 .comment       0x00000000       0x2d obj/btchip.o
                                 0x2e (size before relaxing)
 .comment       0x0000002d       0x2e obj/btchip_apdu_get_coin_version.o
 .comment       0x0000002d       0x2e obj/btchip_apdu_get_firmware_version.o
 .comment       0x0000002d       0x2e obj/btchip_apdu_get_operation_mode.o
 .comment       0x0000002d       0x2e obj/btchip_apdu_get_random.o
 .comment       0x0000002d       0x2e obj/btchip_apdu_get_trusted_input.o
 .comment       0x0000002d       0x2e obj/btchip_apdu_get_wallet_public_key.o
 .comment       0x0000002d       0x2e obj/btchip_apdu_hash_input_finalize_full.o
 .comment       0x0000002d       0x2e obj/btchip_apdu_hash_input_start.o
 .comment       0x0000002d       0x2e obj/btchip_apdu_hash_sign.o
 .comment       0x0000002d       0x2e obj/btchip_apdu_set_alternate_coin_version.o
 .comment       0x0000002d       0x2e obj/btchip_apdu_set_operation_mode.o
 .comment       0x0000002d       0x2e obj/btchip_apdu_setup.o
 .comment       0x0000002d       0x2e obj/btchip_apdu_sign_message.o
 .comment       0x0000002d       0x2e obj/btchip_apdu_verify_pin.o
 .comment       0x0000002d       0x2e obj/btchip_base58.o
 .comment       0x0000002d       0x2e obj/btchip_bcd.o
 .comment       0x0000002d       0x2e obj/btchip_context.o
 .comment       0x0000002d       0x2e obj/btchip_ecc.o
 .comment       0x0000002d       0x2e obj/btchip_filesystem.o
 .comment       0x0000002d       0x2e obj/btchip_helpers.o
 .comment       0x0000002d       0x2e obj/btchip_nvram.o
 .comment       0x0000002d       0x2e obj/btchip_public_ram_key_variables.o
 .comment       0x0000002d       0x2e obj/btchip_public_ram_variables.o
 .comment       0x0000002d       0x2e obj/btchip_rom_variables.o
 .comment       0x0000002d       0x2e obj/btchip_secure_value.o
 .comment       0x0000002d       0x2e obj/btchip_transaction.o
 .comment       0x0000002d       0x2e obj/cashaddr.o
 .comment       0x0000002d       0x2e obj/cx_compliance_141.o
 .comment       0x0000002d       0x2e obj/glyphs.o
 .comment       0x0000002d       0x2e obj/main.o
 .comment       0x0000002d       0x2e obj/os.o
 .comment       0x0000002d       0x2e obj/os_io_seproxyhal.o
 .comment       0x0000002d       0x2e obj/os_printf.o
 .comment       0x0000002d       0x2e obj/pic.o
 .comment       0x0000002d       0x2e obj/pic_internal.o
 .comment       0x0000002d       0x2e obj/segwit_addr.o
 .comment       0x0000002d       0x2e obj/syscalls.o
 .comment       0x0000002d       0x2e obj/u2f_impl.o
 .comment       0x0000002d       0x2e obj/u2f_io.o
 .comment       0x0000002d       0x2e obj/u2f_transport.o
 .comment       0x0000002d       0x2e obj/usbd_conf.o
 .comment       0x0000002d       0x2e obj/usbd_core.o
 .comment       0x0000002d       0x2e obj/usbd_ctlreq.o
 .comment       0x0000002d       0x2e obj/usbd_hid.o
 .comment       0x0000002d       0x2e obj/usbd_impl.o
 .comment       0x0000002d       0x2e obj/usbd_ioreq.o

.note.GNU-stack
                0x00000000        0x0
 .note.GNU-stack
                0x00000000        0x0 obj/btchip.o
 .note.GNU-stack
                0x00000000        0x0 obj/btchip_apdu_get_coin_version.o
 .note.GNU-stack
                0x00000000        0x0 obj/btchip_apdu_get_firmware_version.o
 .note.GNU-stack
                0x00000000        0x0 obj/btchip_apdu_get_operation_mode.o
 .note.GNU-stack
                0x00000000        0x0 obj/btchip_apdu_get_random.o
 .note.GNU-stack
                0x00000000        0x0 obj/btchip_apdu_get_trusted_input.o
 .note.GNU-stack
                0x00000000        0x0 obj/btchip_apdu_get_wallet_public_key.o
 .note.GNU-stack
                0x00000000        0x0 obj/btchip_apdu_hash_input_finalize_full.o
 .note.GNU-stack
                0x00000000        0x0 obj/btchip_apdu_hash_input_start.o
 .note.GNU-stack
                0x00000000        0x0 obj/btchip_apdu_hash_sign.o
 .note.GNU-stack
                0x00000000        0x0 obj/btchip_apdu_set_alternate_coin_version.o
 .note.GNU-stack
                0x00000000        0x0 obj/btchip_apdu_set_operation_mode.o
 .note.GNU-stack
                0x00000000        0x0 obj/btchip_apdu_setup.o
 .note.GNU-stack
                0x00000000        0x0 obj/btchip_apdu_sign_message.o
 .note.GNU-stack
                0x00000000        0x0 obj/btchip_apdu_verify_pin.o
 .note.GNU-stack
                0x00000000        0x0 obj/btchip_base58.o
 .note.GNU-stack
                0x00000000        0x0 obj/btchip_bcd.o
 .note.GNU-stack
                0x00000000        0x0 obj/btchip_context.o
 .note.GNU-stack
                0x00000000        0x0 obj/btchip_ecc.o
 .note.GNU-stack
                0x00000000        0x0 obj/btchip_filesystem.o
 .note.GNU-stack
                0x00000000        0x0 obj/btchip_helpers.o
 .note.GNU-stack
                0x00000000        0x0 obj/btchip_nvram.o
 .note.GNU-stack
                0x00000000        0x0 obj/btchip_public_ram_key_variables.o
 .note.GNU-stack
                0x00000000        0x0 obj/btchip_public_ram_variables.o
 .note.GNU-stack
                0x00000000        0x0 obj/btchip_rom_variables.o
 .note.GNU-stack
                0x00000000        0x0 obj/btchip_secure_value.o
 .note.GNU-stack
                0x00000000        0x0 obj/btchip_transaction.o
 .note.GNU-stack
                0x00000000        0x0 obj/cashaddr.o
 .note.GNU-stack
                0x00000000        0x0 obj/cx_compliance_141.o
 .note.GNU-stack
                0x00000000        0x0 obj/glyphs.o
 .note.GNU-stack
                0x00000000        0x0 obj/main.o
 .note.GNU-stack
                0x00000000        0x0 obj/os.o
 .note.GNU-stack
                0x00000000        0x0 obj/os_io_seproxyhal.o
 .note.GNU-stack
                0x00000000        0x0 obj/os_printf.o
 .note.GNU-stack
                0x00000000        0x0 obj/pic.o
 .note.GNU-stack
                0x00000000        0x0 obj/pic_internal.o
 .note.GNU-stack
                0x00000000        0x0 obj/segwit_addr.o
 .note.GNU-stack
                0x00000000        0x0 obj/syscalls.o
 .note.GNU-stack
                0x00000000        0x0 obj/u2f_impl.o
 .note.GNU-stack
                0x00000000        0x0 obj/u2f_io.o
 .note.GNU-stack
                0x00000000        0x0 obj/u2f_transport.o
 .note.GNU-stack
                0x00000000        0x0 obj/usbd_conf.o
 .note.GNU-stack
                0x00000000        0x0 obj/usbd_core.o
 .note.GNU-stack
                0x00000000        0x0 obj/usbd_ctlreq.o
 .note.GNU-stack
                0x00000000        0x0 obj/usbd_hid.o
 .note.GNU-stack
                0x00000000        0x0 obj/usbd_impl.o
 .note.GNU-stack
                0x00000000        0x0 obj/usbd_ioreq.o

.ARM.attributes